0: 6
1: 13(6)26
2: 11(13)24
3: 15(11)19 10(11)40 12(11)40
4: 8(15)18 7(15)42 9(12)47
5: 14(7)61
weight: 317
