0: 12
1: 13(12)1 17(12)1 23(12)1 26(12)1
2: 19(13)1 22(13)1 14(23)1 18(23)1
3: 16(18)1 20(18)1 24(18)1 27(18)1 21(19)1 25(22)1
weight: 14
