REAL test of SET, simple
0: 8.000000(0)
1: 4.000000(0)
2: 0.000000(0)
3: 12.000000(0)
4: 18.000000(0)
5: 6.000000(0)
6: 14.000000(0)
7: 16.000000(0)
8: 10.000000(0)
9: 2.000000(0)
unioning 8 and 4
unioning 3 and 9
unioning 2 and 1
unioning 4 and 5
unioning 1 and 5
unioning 5 and 2
unioning 8 and 8
unioning 3 and 7
0: 8.000000(0)
1: 4.000000(2)
2: 0.000000 4.000000
3: 12.000000(1)
4: 18.000000 4.000000
5: 6.000000 4.000000
6: 14.000000(0)
7: 16.000000 12.000000
8: 10.000000 4.000000
9: 2.000000 12.000000
