BST:
0: 5(5)X
1: 0(5)L 10(5)R
2: 1(0)R 6(10)L 11(10)R
3: =3(1)R =9(6)R 16(11)R
4: 15(16)L
5: =13(15)L
debug (in-order): [[0 [1 [3]]] 5 [[6 [9]] 10 [11 [[[13] 15] 16]]]]
debug (pre-order): [5 [0 [1 [3]]] [10 [6 [9]] [11 [16 [15 [13]]]]]]
debug (post-order): [[[[3] 1] 0] [[[9] 6] [[[[13] 15] 16] 11] 10] 5]
size is 11
Nodes: 11
Minimum depth: 1
Maximum depth: 5
