size is 6302
BST:
0: 1133(1133)X
1: 922(1133)L 8786(1133)R
2: 709(922)L 1012(922)R 2582(8786)L 9132(8786)R
3: 499(709)L 839(709)R =1093(1012)R 1669(2582)L 6691(2582)R 9401(9132)R
4: 42(499)L =607(499)R 749(839)L =919(839)R 1525(1669)L 2284(1669)R 3434(6691)L 7046(6691)R 9231(9401)L 9853(9401)R
5: 213(42)R =740(749)L 1246(1525)L 1606(1525)R 1854(2284)L 2566(2284)R 2916(3434)L 4299(3434)R 8752(7046)R 9264(9231)R 9504(9853)L =9989(9853)R
6: 145(213)L 314(213)R =1220(1246)L =1326(1246)R 1617(1606)R 2137(1854)R =2527(2566)L 2740(2916)L 3073(2916)R 3614(4299)L 6374(4299)R 7379(8752)L 9289(9264)R 9782(9504)R
7: 134(145)L 383(314)R =1639(1617)R 2008(2137)L =2278(2137)R =2737(2740)L =3017(3073)L 3166(3073)R 4110(3614)R 5106(6374)L 6647(6374)R 7401(7379)R =9389(9289)R 9612(9782)L
8: 55(134)L 450(383)R 1955(2008)L 3359(3166)R 3904(4110)L 4608(5106)L 5260(5106)R 6454(6647)L 8250(7401)R =9506(9612)L =9753(9612)R
9: =78(55)R =408(450)L 1961(1955)R =3350(3359)L 3710(3904)L =4104(3904)R 4451(4608)L 4943(4608)R 5258(5260)L 5618(5260)R 6515(6454)R 7813(8250)L 8617(8250)R
10: =2003(1961)R 3661(3710)L 3855(3710)R =4601(4451)R 4676(4943)L =5256(5258)L 5452(5618)L 5788(5618)R =6503(6515)L 7799(7813)L 8160(7813)R 8523(8617)L =8731(8617)R
11: =3657(3661)L =3812(3855)L =4649(4676)L =4883(4676)R =5600(5452)R 5981(5788)R 7590(7799)L =8194(8160)R 8359(8523)L
12: 6318(5981)R 7672(7590)R 8325(8359)L 8515(8359)R
13: =6100(6318)L =7645(7672)L 7790(7672)R 8308(8325)L 8390(8515)L
14: 7765(7790)L =8315(8308)R =8500(8390)R
15: 7714(7765)L
16: =7759(7714)R
debug (in-order): [[[[[42 [[[[55 [78]] 134] 145] 213 [314 [383 [[408] 450]]]]] 499 [607]] 709 [[[740] 749] 839 [919]]] 922 [1012 [1093]]] 1133 [[[[[[1220] 1246 [1326]] 1525 [1606 [1617 [1639]]]] 1669 [[1854 [[[1955 [1961 [2003]]] 2008] 2137 [2278]]] 2284 [[2527] 2566]]] 2582 [[[[[2737] 2740] 2916 [[3017] 3073 [3166 [[3350] 3359]]]] 3434 [[3614 [[[[[3657] 3661] 3710 [[3812] 3855]] 3904 [4104]] 4110]] 4299 [[[[4451 [4601]] 4608 [[[4649] 4676 [4883]] 4943]] 5106 [[[5256] 5258] 5260 [[5452 [5600]] 5618 [5788 [5981 [[6100] 6318]]]]]] 6374 [[6454 [[6503] 6515]] 6647]]]] 6691 [7046 [[7379 [7401 [[[[7590 [[7645] 7672 [[[7714 [7759]] 7765] 7790]]] 7799] 7813 [8160 [8194]]] 8250 [[[[[8308 [8315]] 8325] 8359 [[8390 [8500]] 8515]] 8523] 8617 [8731]]]]] 8752]]]] 8786 [9132 [[9231 [9264 [9289 [9389]]]] 9401 [[9504 [[[9506] 9612 [9753]] 9782]] 9853 [9989]]]]]]
debug (pre-order): [1133 [922 [709 [499 [42 [213 [145 [134 [55 [78]]]] [314 [383 [450 [408]]]]]] [607]] [839 [749 [740]] [919]]] [1012 [1093]]] [8786 [2582 [1669 [1525 [1246 [1220] [1326]] [1606 [1617 [1639]]]] [2284 [1854 [2137 [2008 [1955 [1961 [2003]]]] [2278]]] [2566 [2527]]]] [6691 [3434 [2916 [2740 [2737]] [3073 [3017] [3166 [3359 [3350]]]]] [4299 [3614 [4110 [3904 [3710 [3661 [3657]] [3855 [3812]]] [4104]]]] [6374 [5106 [4608 [4451 [4601]] [4943 [4676 [4649] [4883]]]] [5260 [5258 [5256]] [5618 [5452 [5600]] [5788 [5981 [6318 [6100]]]]]]] [6647 [6454 [6515 [6503]]]]]]] [7046 [8752 [7379 [7401 [8250 [7813 [7799 [7590 [7672 [7645] [7790 [7765 [7714 [7759]]]]]]] [8160 [8194]]] [8617 [8523 [8359 [8325 [8308 [8315]]] [8515 [8390 [8500]]]]] [8731]]]]]]]]] [9132 [9401 [9231 [9264 [9289 [9389]]]] [9853 [9504 [9782 [9612 [9506] [9753]]]] [9989]]]]]]
debug (post-order): [[[[[[[[[[78] 55] 134] 145] [[[[408] 450] 383] 314] 213] 42] [607] 499] [[[740] 749] [919] 839] 709] [[1093] 1012] 922] [[[[[[1220] [1326] 1246] [[[1639] 1617] 1606] 1525] [[[[[[[2003] 1961] 1955] 2008] [2278] 2137] 1854] [[2527] 2566] 2284] 1669] [[[[[2737] 2740] [[3017] [[[3350] 3359] 3166] 3073] 2916] [[[[[[[3657] 3661] [[3812] 3855] 3710] [4104] 3904] 4110] 3614] [[[[[4601] 4451] [[[4649] [4883] 4676] 4943] 4608] [[[5256] 5258] [[[5600] 5452] [[[[6100] 6318] 5981] 5788] 5618] 5260] 5106] [[[[6503] 6515] 6454] 6647] 6374] 4299] 3434] [[[[[[[[[[7645] [[[[7759] 7714] 7765] 7790] 7672] 7590] 7799] [[8194] 8160] 7813] [[[[[[8315] 8308] 8325] [[[8500] 8390] 8515] 8359] 8523] [8731] 8617] 8250] 7401] 7379] 8752] 7046] 6691] 2582] [[[[[[9389] 9289] 9264] 9231] [[[[[9506] [9753] 9612] 9782] 9504] [9989] 9853] 9401] 9132] 8786] 1133]
size is 123
Nodes: 123
Minimum depth: 2
Maximum depth: 16
