BST:
0: 4(4)X
1: 0(4)L 12(4)R
2: =3(0)R 7(12)L =13(12)R
3: =5(7)L 10(7)R
4: =8(10)L =11(10)R
debug (in-order): [[0 [3]] 4 [[[5] 7 [[8] 10 [11]]] 12 [13]]]
debug (pre-order): [4 [0 [3]] [12 [7 [5] [10 [8] [11]]] [13]]]
debug (post-order): [[[3] 0] [[[5] [[8] [11] 10] 7] [13] 12] 4]
size is 10
BST:
0: 3(3)X
1: 12(3)R
2: 5(12)L
3: =11(5)R
debug (in-order): [3 [[5 [11]] 12]]
debug (pre-order): [3 [12 [5 [11]]]]
debug (post-order): [[[[11] 5] 12] 3]
size is 4
Nodes: 4
Minimum depth: 0
Maximum depth: 3
