INTEGER test of CDA, unions
test size is 1945
p items: ((1))
p items: ((1))
p items: ((1))
q items: (displaying first and last 100 elements)
1793 250 1750 818 929 1287 1096 473 45 1405 1411 35 1685 51 1627 571 1540 315 1171 1332 1641 774 152 1428 12 1517 330 1162 1323 792 339 1462 114 308 1729 1332 964 293 1915 896 1547 971 900 358 498 1395 1286 318 782 1869 1111 1612 1047 1791 828 1720 1079 612 969 695 1103 1640 1012 633 291 802 138 1021 444 1789 160 1564 705 1167 104 705 370 1166 1404 1142 934 769 842 1698 858 349 1769 50 857 446 1300 87 1671 1885 161 1301 13 1772 700 1365 ... 953 1845 277 1783 1546 542 758 1462 1316 1464 779 457 897 313 1626 22 542 1511 954 1629 1783 1809 1398 388 1089 1505 700 765 547 129 171 986 750 1587 1190 1460 575 721 1536 103 1790 966 198 1761 1784 1020 1135 368 1667 696 1159 646 1073 729 1689 668 696 199 1513 1692 1735 999 1370 1486 635 432 694 1750 1663 1578 1654 1488 1770 690 1353 1442 1778 131 79 1020 1489 334 432 918 522 993 1696 1671 1884 1544 327 1836 1434 1174 1797 703 734 606 699 2

p size is 0
q size is 3890
p items: ((1))
q items: (displaying first and last 100 elements)
526 839 666 640 910 1786 1641 618 681 977 211 1686 225 1536 1103 599 1942 300 1553 863 1127 675 1463 621 887 271 520 1051 358 164 1103 396 965 940 629 663 1403 1726 1576 487 1631 110 840 1091 1475 168 1797 422 948 17 890 279 1110 297 966 930 534 1516 1037 503 638 202 723 134 148 1419 897 399 362 101 1494 1090 1337 743 529 839 849 1840 720 493 24 830 1669 1794 513 421 1535 1636 138 1509 966 667 416 1923 1338 930 1081 571 517 414 ... 721 1707 474 1699 1536 1802 780 103 1790 966 793 198 1761 744 1784 1228 222 1020 1135 443 1293 368 1667 696 1828 1159 1731 646 1073 729 1689 668 100 1847 696 199 1513 1886 1692 1735 1 905 999 586 1370 1486 635 308 432 694 1750 1663 1578 1654 129 1488 1770 703 690 1353 1442 1778 594 131 79 1020 125 1489 1669 334 1560 432 918 902 522 424 993 349 346 756 1696 1671 1884 1544 327 1836 515 1434 37 1785 1174 714 369 1797 703 734 606 699 2 1828

p size is 0
q size is 7780
