INTEGER test of GST, insertions
GST:
0: 12<3>(12<3>)X
1: 11<2>(12<3>)L 41<5>(12<3>)R
2: 6<3>(11<2>)L 39<3>(41<5>)L 43<3>(41<5>)R
3: 2<2>(6<3>)L 7<3>(6<3>)R 27<3>(39<3>)L =42<3>(43<3>)L 58<5>(43<3>)R
4: 1(2<2>)L =5<2>(2<2>)R =9(7<3>)R 20(27<3>)L 28<3>(27<3>)R 49<2>(58<5>)L 63<3>(58<5>)R
5: =0<3>(1)L 16<2>(20)L 23<4>(20)R 31<2>(28<3>)R 47<3>(49<2>)L 50<2>(49<2>)R 62<5>(63<3>)L =64<2>(63<3>)R
6: 15<4>(16<2>)L 19<4>(16<2>)R 22<4>(23<4>)L 24<4>(23<4>)R 29(31<2>)L 37(31<2>)R 44<2>(47<3>)L =48(47<3>)R 53<2>(50<2>)R 61<3>(62<5>)L
7: =14<5>(15<4>)L =18<2>(19<4>)L =21(22<4>)L 25<2>(24<4>)R =30<2>(29)R 34(37)L =38<2>(37)R 46(44<2>)R 51(53<2>)L 57(53<2>)R =60<2>(61<3>)L
8: =26<3>(25<2>)R =32<3>(34)L =36(34)R =45(46)L =52<2>(51)R 56<2>(57)L
9: 55(56<2>)L
10: =54<2>(55)L
debug (in-order): 0: 12<3>(12<3>)X
1: 11<2>(12<3>)L 41<5>(12<3>)R
2: 6<3>(11<2>)L 39<3>(41<5>)L 43<3>(41<5>)R
3: 2<2>(6<3>)L 7<3>(6<3>)R 27<3>(39<3>)L =42<3>(43<3>)L 58<5>(43<3>)R
4: 1(2<2>)L =5<2>(2<2>)R =9(7<3>)R 20(27<3>)L 28<3>(27<3>)R 49<2>(58<5>)L 63<3>(58<5>)R
5: =0<3>(1)L 16<2>(20)L 23<4>(20)R 31<2>(28<3>)R 47<3>(49<2>)L 50<2>(49<2>)R 62<5>(63<3>)L =64<2>(63<3>)R
6: 15<4>(16<2>)L 19<4>(16<2>)R 22<4>(23<4>)L 24<4>(23<4>)R 29(31<2>)L 37(31<2>)R 44<2>(47<3>)L =48(47<3>)R 53<2>(50<2>)R 61<3>(62<5>)L
7: =14<5>(15<4>)L =18<2>(19<4>)L =21(22<4>)L 25<2>(24<4>)R =30<2>(29)R 34(37)L =38<2>(37)R 46(44<2>)R 51(53<2>)L 57(53<2>)R =60<2>(61<3>)L
8: =26<3>(25<2>)R =32<3>(34)L =36(34)R =45(46)L =52<2>(51)R 56<2>(57)L
9: 55(56<2>)L
10: =54<2>(55)L

debug (pre-order): [12<3> [11<2> [6<3> [2<2> [1 [0<3>]] [5<2>]] [7<3> [9]]]] [41<5> [39<3> [27<3> [20 [16<2> [15<4> [14<5>]] [19<4> [18<2>]]] [23<4> [22<4> [21]] [24<4> [25<2> [26<3>]]]]] [28<3> [31<2> [29 [30<2>]] [37 [34 [32<3>] [36]] [38<2>]]]]]] [43<3> [42<3>] [58<5> [49<2> [47<3> [44<2> [46 [45]]] [48]] [50<2> [53<2> [51 [52<2>]] [57 [56<2> [55 [54<2>]]]]]]] [63<3> [62<5> [61<3> [60<2>]]] [64<2>]]]]]]
debug (post-order): [[[[[[0<3>] 1] [5<2>] 2<2>] [[9] 7<3>] 6<3>] 11<2>] [[[[[[[14<5>] 15<4>] [[18<2>] 19<4>] 16<2>] [[[21] 22<4>] [[[26<3>] 25<2>] 24<4>] 23<4>] 20] [[[[30<2>] 29] [[[32<3>] [36] 34] [38<2>] 37] 31<2>] 28<3>] 27<3>] 39<3>] [[42<3>] [[[[[[45] 46] 44<2>] [48] 47<3>] [[[[52<2>] 51] [[[[54<2>] 55] 56<2>] 57] 53<2>] 50<2>] 49<2>] [[[[60<2>] 61<3>] 62<5>] [64<2>] 63<3>] 58<5>] 43<3>] 41<5>] 12<3>]
size is 55
Duplicates: 77
Nodes: 55
Minimum depth: 1
Maximum depth: 10
