INTEGER test of GST, insertions, then deletions
GST:
0: 4<3>(4<3>)X
1: 0<3>(4<3>)L 5<4>(4<3>)R
2: 3<2>(0<3>)R =6(5<4>)R
3: =1(3<2>)L
debug (in-order): [[0<3> [[1] 3<2>]] 4<3> [5<4> [6]]]
debug (pre-order): [4<3> [0<3> [3<2> [1]]] [5<4> [6]]]
debug (post-order): [[[[1] 3<2>] 0<3>] [[6] 5<4>] 4<3>]
size is 6
Duplicates: 8
Nodes: 6
Minimum depth: 1
Maximum depth: 3
GST:
0: 4(4)X
1: =3(4)L =5<4>(4)R
debug (in-order): [[3] 4 [5<4>]]
debug (pre-order): [4 [3] [5<4>]]
debug (post-order): [[3] [5<4>] 4]
size is 3
Duplicates: 3
Nodes: 3
Minimum depth: 1
Maximum depth: 1
