INTEGER test of GST, mixed insertions and deletions
size is 1818
Duplicates: 1412
Nodes: 1818
Minimum depth: 4
Maximum depth: 20
GST:
0: 224(224)X
1: 62(224)L 1635(224)R
2: 16(62)L 84(62)R 1020(1635)L 2577<3>(1635)R
3: =4<2>(16)L 20(16)R 93<3>(84)R 965<3>(1020)L 1289<2>(1020)R 2189<2>(2577<3>)L 2698<3>(2577<3>)R
4: =19(20)L 51<2>(20)R 135<5>(93<3>)R 519(965<3>)L 1016(965<3>)R 1270(1289<2>)L 1384(1289<2>)R 1967<2>(2189<2>)L 2242(2189<2>)R 2676(2698<3>)L 2908<3>(2698<3>)R
5: =61(51<2>)R 125(135<5>)L 153(135<5>)R 244<2>(519)L 580(519)R 1015(1016)L 1064(1270)L 1359(1384)L 1427(1384)R 1778<2>(1967<2>)L 1972(1967<2>)R 2221<2>(2242)L 2431(2242)R 2607<2>(2676)L 2690(2676)R 2774(2908<3>)L 3180(2908<3>)R
6: =133(125)R =152(153)L 218(153)R 498<2>(244<2>)R 560(580)L 696<2>(580)R 994(1015)L 1044<2>(1064)L 1128(1064)R =1362(1359)R 1456(1427)R 1697(1778<2>)L 1843(1778<2>)R 2081<5>(1972)R =2212<2>(2221<2>)L 2337(2431)L 2513<2>(2431)R 2629(2607<2>)R =2683<2>(2690)L 2768(2774)L 2845(2774)R 3093<2>(3180)L 3234(3180)R
7: =187(218)L 453<2>(498<2>)L =518(498<2>)R =556(560)L 661<2>(696<2>)L 794<2>(696<2>)R =981(994)L =1038<4>(1044<2>)L 1187(1128)R 1466<2>(1456)R =1693<2>(1697)L 1734<2>(1697)R 1806<3>(1843)L 1869(1843)R =2057<3>(2081<5>)L 2086(2081<5>)R =2331<2>(2337)L 2424(2337)R 2479<4>(2513<2>)L 2566<2>(2513<2>)R 2669<3>(2629)R 2749<5>(2768)L 2798<3>(2845)L =2898<2>(2845)R 2942<2>(3093<2>)L 3138<2>(3093<2>)R 3254(3234)R
8: 359<3>(453<2>)L =463<6>(453<2>)R 650(661<2>)L =669<2>(661<2>)R 734<2>(794<2>)L 890<2>(794<2>)R 1162<2>(1187)L 1259<2>(1187)R 1601<2>(1466<2>)R =1733<4>(1734<2>)L 1777(1734<2>)R =1836<2>(1806<3>)R 1875(1869)R 2131(2086)R 2421(2424)L 2458(2479<4>)L 2503(2479<4>)R =2524(2566<2>)L 2640(2669<3>)L =2764(2749<5>)R 2785(2798<3>)L 2816<2>(2798<3>)R 2940(2942<2>)L 3070(2942<2>)R =3128<2>(3138<2>)L 3163<4>(3138<2>)R 3271(3254)R
9: 295<2>(359<3>)L =390(359<3>)R =622(650)L 724<2>(734<2>)L 777(734<2>)R =878(890<2>)L 925<2>(890<2>)R =1175(1162<2>)R 1234(1259<2>)L =1265<2>(1259<2>)R 1516(1601<2>)L 1747<2>(1777)L 1907(1875)R 2108(2131)L 2185(2131)R 2369<2>(2421)L =2454(2458)L 2467<2>(2458)R 2491(2503)L =2668(2640)R =2778(2785)L 2823(2816<2>)R =2924<2>(2940)L 2961(3070)L =3159<2>(3163<4>)L 3175(3163<4>)R 3310<2>(3271)R
10: 289<2>(295<2>)L 711(724<2>)L =730<2>(724<2>)R =775(777)L =936(925<2>)R 1249(1234)R =1504<2>(1516)L 1525(1516)R =1754<2>(1747<2>)R 1882(1907)L 1955(1907)R =2126(2108)R 2142(2185)L 2393(2369<2>)R =2466<3>(2467<2>)L =2485(2491)L 2834<2>(2823)R 2969<2>(2961)R =3173<2>(3175)L =3292(3310<2>)L
11: =282<2>(289<2>)L 717<2>(711)R =1256(1249)R =1596(1525)R 1903(1882)R 1941(1955)L 2159(2142)R =2400(2393)R =2824(2834<2>)L =2968<2>(2969<2>)L 3068(2969<2>)R
12: =716(717<2>)L 1894<3>(1903)L 1925(1941)L 2167(2159)R 3035(3068)L
13: =1888<2>(1894<3>)L =1926<2>(1925)R =2166<3>(2167)L 3016(3035)L
14: 2997(3016)L =3026(3016)R
15: =3005(2997)R
debug: [[[[4<2>] 16 [[19] 20 [51<2> [61]]]] 62 [84 [93<3> [[125 [133]] 135<5> [[152] 153 [[187] 218]]]]]] 224 [[[[[244<2> [[[[[[282<2>] 289<2>] 295<2>] 359<3> [390]] 453<2> [463<6>]] 498<2> [518]]] 519 [[[556] 560] 580 [[[[622] 650] 661<2> [669<2>]] 696<2> [[[[711 [[716] 717<2>]] 724<2> [730<2>]] 734<2> [[775] 777]] 794<2> [[878] 890<2> [925<2> [936]]]]]]] 965<3> [[[[981] 994] 1015] 1016]] 1020 [[[[[1038<4>] 1044<2>] 1064 [1128 [[1162<2> [1175]] 1187 [[1234 [1249 [1256]]] 1259<2> [1265<2>]]]]] 1270] 1289<2> [[1359 [1362]] 1384 [1427 [1456 [1466<2> [[[1504<2>] 1516 [1525 [1596]]] 1601<2>]]]]]]] 1635 [[[[[[1693<2>] 1697 [[1733<4>] 1734<2> [[1747<2> [1754<2>]] 1777]]] 1778<2> [[1806<3> [1836<2>]] 1843 [1869 [1875 [[1882 [[[1888<2>] 1894<3>] 1903]] 1907 [[[1925 [1926<2>]] 1941] 1955]]]]]] 1967<2> [1972 [[2057<3>] 2081<5> [2086 [[2108 [2126]] 2131 [[2142 [2159 [[2166<3>] 2167]]] 2185]]]]]] 2189<2> [[[2212<2>] 2221<2>] 2242 [[[2331<2>] 2337 [[[2369<2> [2393 [2400]]] 2421] 2424]] 2431 [[[[2454] 2458 [[2466<3>] 2467<2>]] 2479<4> [[[2485] 2491] 2503]] 2513<2> [[2524] 2566<2>]]]]] 2577<3> [[[2607<2> [2629 [[2640 [2668]] 2669<3>]]] 2676 [[2683<2>] 2690]] 2698<3> [[[[2749<5> [2764]] 2768] 2774 [[[[2778] 2785] 2798<3> [2816<2> [2823 [[2824] 2834<2>]]]] 2845 [2898<2>]]] 2908<3> [[[[[2924<2>] 2940] 2942<2> [[2961 [[2968<2>] 2969<2> [[[[2997 [3005]] 3016 [3026]] 3035] 3068]]] 3070]] 3093<2> [[3128<2>] 3138<2> [[3159<2>] 3163<4> [[3173<2>] 3175]]]] 3180 [3234 [3254 [3271 [[3292] 3310<2>]]]]]]]]]]
debug: [224 [62 [16 [4<2>] [20 [19] [51<2> [61]]]] [84 [93<3> [135<5> [125 [133]] [153 [152] [218 [187]]]]]]] [1635 [1020 [965<3> [519 [244<2> [498<2> [453<2> [359<3> [295<2> [289<2> [282<2>]]] [390]] [463<6>]] [518]]] [580 [560 [556]] [696<2> [661<2> [650 [622]] [669<2>]] [794<2> [734<2> [724<2> [711 [717<2> [716]]] [730<2>]] [777 [775]]] [890<2> [878] [925<2> [936]]]]]]] [1016 [1015 [994 [981]]]]] [1289<2> [1270 [1064 [1044<2> [1038<4>]] [1128 [1187 [1162<2> [1175]] [1259<2> [1234 [1249 [1256]]] [1265<2>]]]]]] [1384 [1359 [1362]] [1427 [1456 [1466<2> [1601<2> [1516 [1504<2>] [1525 [1596]]]]]]]]]] [2577<3> [2189<2> [1967<2> [1778<2> [1697 [1693<2>] [1734<2> [1733<4>] [1777 [1747<2> [1754<2>]]]]] [1843 [1806<3> [1836<2>]] [1869 [1875 [1907 [1882 [1903 [1894<3> [1888<2>]]]] [1955 [1941 [1925 [1926<2>]]]]]]]]] [1972 [2081<5> [2057<3>] [2086 [2131 [2108 [2126]] [2185 [2142 [2159 [2167 [2166<3>]]]]]]]]]] [2242 [2221<2> [2212<2>]] [2431 [2337 [2331<2>] [2424 [2421 [2369<2> [2393 [2400]]]]]] [2513<2> [2479<4> [2458 [2454] [2467<2> [2466<3>]]] [2503 [2491 [2485]]]] [2566<2> [2524]]]]]] [2698<3> [2676 [2607<2> [2629 [2669<3> [2640 [2668]]]]] [2690 [2683<2>]]] [2908<3> [2774 [2768 [2749<5> [2764]]] [2845 [2798<3> [2785 [2778]] [2816<2> [2823 [2834<2> [2824]]]]] [2898<2>]]] [3180 [3093<2> [2942<2> [2940 [2924<2>]] [3070 [2961 [2969<2> [2968<2>] [3068 [3035 [3016 [2997 [3005]] [3026]]]]]]]] [3138<2> [3128<2>] [3163<4> [3159<2>] [3175 [3173<2>]]]]] [3234 [3254 [3271 [3310<2> [3292]]]]]]]]]]]
debug: [[[[4<2>] [[19] [[61] 51<2>] 20] 16] [[[[[133] 125] [[152] [[187] 218] 153] 135<5>] 93<3>] 84] 62] [[[[[[[[[[[282<2>] 289<2>] 295<2>] [390] 359<3>] [463<6>] 453<2>] [518] 498<2>] 244<2>] [[[556] 560] [[[[622] 650] [669<2>] 661<2>] [[[[[[716] 717<2>] 711] [730<2>] 724<2>] [[775] 777] 734<2>] [[878] [[936] 925<2>] 890<2>] 794<2>] 696<2>] 580] 519] [[[[981] 994] 1015] 1016] 965<3>] [[[[[1038<4>] 1044<2>] [[[[1175] 1162<2>] [[[[1256] 1249] 1234] [1265<2>] 1259<2>] 1187] 1128] 1064] 1270] [[[1362] 1359] [[[[[[1504<2>] [[1596] 1525] 1516] 1601<2>] 1466<2>] 1456] 1427] 1384] 1289<2>] 1020] [[[[[[1693<2>] [[1733<4>] [[[1754<2>] 1747<2>] 1777] 1734<2>] 1697] [[[1836<2>] 1806<3>] [[[[[[[1888<2>] 1894<3>] 1903] 1882] [[[[1926<2>] 1925] 1941] 1955] 1907] 1875] 1869] 1843] 1778<2>] [[[2057<3>] [[[[2126] 2108] [[[[[2166<3>] 2167] 2159] 2142] 2185] 2131] 2086] 2081<5>] 1972] 1967<2>] [[[2212<2>] 2221<2>] [[[2331<2>] [[[[[2400] 2393] 2369<2>] 2421] 2424] 2337] [[[[2454] [[2466<3>] 2467<2>] 2458] [[[2485] 2491] 2503] 2479<4>] [[2524] 2566<2>] 2513<2>] 2431] 2242] 2189<2>] [[[[[[[2668] 2640] 2669<3>] 2629] 2607<2>] [[2683<2>] 2690] 2676] [[[[[2764] 2749<5>] 2768] [[[[2778] 2785] [[[[2824] 2834<2>] 2823] 2816<2>] 2798<3>] [2898<2>] 2845] 2774] [[[[[2924<2>] 2940] [[[[2968<2>] [[[[[3005] 2997] [3026] 3016] 3035] 3068] 2969<2>] 2961] 3070] 2942<2>] [[3128<2>] [[3159<2>] [[3173<2>] 3175] 3163<4>] 3138<2>] 3093<2>] [[[[[3292] 3310<2>] 3271] 3254] 3234] 3180] 2908<3>] 2698<3>] 2577<3>] 1635] 224]
size is 189
Duplicates: 113
Nodes: 189
Minimum depth: 2
Maximum depth: 15
