INTEGER test of GST, insertions, then deletions
GST:
0: 21(21)X
1: 12<4>(21)L 65<3>(21)R
2: 5<4>(12<4>)L 14(12<4>)R 56(65<3>)L 66<4>(65<3>)R
3: 1<3>(5<4>)L 11<3>(5<4>)R 19<3>(14)R 48(56)L 59<4>(56)R =67(66<4>)R
4: 4<2>(1<3>)R 10<2>(11<3>)L 16(19<3>)L =20(19<3>)R 32<3>(48)L 53<2>(48)R 61<3>(59<4>)R
5: =3(4<2>)L 7<3>(10<2>)L 18<2>(16)R 31<4>(32<3>)L 46<4>(32<3>)R 50<2>(53<2>)L 54<2>(53<2>)R =60<3>(61<3>)L 62<4>(61<3>)R
6: =6(7<3>)L 9(7<3>)R =17(18<2>)L 25<3>(31<4>)L 36<4>(46<4>)L =47<4>(46<4>)R =49(50<2>)L 52<3>(50<2>)R =55(54<2>)R 63<2>(62<4>)R
7: =8(9)L =22(25<3>)L 28<6>(25<3>)R 35<4>(36<4>)L 44<2>(36<4>)R =51<3>(52<3>)L =64<4>(63<2>)R
8: =26<2>(28<6>)L =29<2>(28<6>)R 33<2>(35<4>)L 42<4>(44<2>)L
9: =34<3>(33<2>)R 38<2>(42<4>)L =43<2>(42<4>)R
10: =37(38<2>)L 39<2>(38<2>)R
11: =41<3>(39<2>)R
debug (in-order): [[[[1<3> [[3] 4<2>]] 5<4> [[[[6] 7<3> [[8] 9]] 10<2>] 11<3>]] 12<4> [14 [[16 [[17] 18<2>]] 19<3> [20]]]] 21 [[[[[[[22] 25<3> [[26<2>] 28<6> [29<2>]]] 31<4>] 32<3> [[[[33<2> [34<3>]] 35<4>] 36<4> [[[[37] 38<2> [39<2> [41<3>]]] 42<4> [43<2>]] 44<2>]] 46<4> [47<4>]]] 48 [[[49] 50<2> [[51<3>] 52<3>]] 53<2> [54<2> [55]]]] 56 [59<4> [[60<3>] 61<3> [62<4> [63<2> [64<4>]]]]]] 65<3> [66<4> [67]]]]
debug (pre-order): [21 [12<4> [5<4> [1<3> [4<2> [3]]] [11<3> [10<2> [7<3> [6] [9 [8]]]]]] [14 [19<3> [16 [18<2> [17]]] [20]]]] [65<3> [56 [48 [32<3> [31<4> [25<3> [22] [28<6> [26<2>] [29<2>]]]] [46<4> [36<4> [35<4> [33<2> [34<3>]]] [44<2> [42<4> [38<2> [37] [39<2> [41<3>]]] [43<2>]]]] [47<4>]]] [53<2> [50<2> [49] [52<3> [51<3>]]] [54<2> [55]]]] [59<4> [61<3> [60<3>] [62<4> [63<2> [64<4>]]]]]] [66<4> [67]]]]
debug (post-order): [[[[[[3] 4<2>] 1<3>] [[[[6] [[8] 9] 7<3>] 10<2>] 11<3>] 5<4>] [[[[[17] 18<2>] 16] [20] 19<3>] 14] 12<4>] [[[[[[[22] [[26<2>] [29<2>] 28<6>] 25<3>] 31<4>] [[[[[34<3>] 33<2>] 35<4>] [[[[37] [[41<3>] 39<2>] 38<2>] [43<2>] 42<4>] 44<2>] 36<4>] [47<4>] 46<4>] 32<3>] [[[49] [[51<3>] 52<3>] 50<2>] [[55] 54<2>] 53<2>] 48] [[[60<3>] [[[64<4>] 63<2>] 62<4>] 61<3>] 59<4>] 56] [[67] 66<4>] 65<3>] 21]
size is 56
Duplicates: 81
Nodes: 56
Minimum depth: 2
Maximum depth: 11
GST:
0: 19<3>(19<3>)X
1: 12<3>(19<3>)L 64<3>(19<3>)R
2: 4(12<3>)L =18<2>(12<3>)R 54<2>(64<3>)L =66<3>(64<3>)R
3: =1<2>(4)L 10(4)R 47<2>(54<2>)L 59<3>(54<2>)R
4: =7<2>(10)L 32(47<2>)L 53(47<2>)R 61(59<3>)R
5: 31<4>(32)L 46<2>(32)R 50(53)L =60(61)L 62<2>(61)R
6: 28<3>(31<4>)L 36<3>(46<2>)L =52<2>(50)R =63(62<2>)R
7: =29(28<3>)R 34(36<3>)L 44<2>(36<3>)R
8: =33(34)L 42<3>(44<2>)L
9: 38(42<3>)L =43(42<3>)R
10: =41<2>(38)R
debug (in-order): [[[[1<2>] 4 [[7<2>] 10]] 12<3> [18<2>]] 19<3> [[[[[[28<3> [29]] 31<4>] 32 [[[[33] 34] 36<3> [[[38 [41<2>]] 42<3> [43]] 44<2>]] 46<2>]] 47<2> [[50 [52<2>]] 53]] 54<2> [59<3> [[60] 61 [62<2> [63]]]]] 64<3> [66<3>]]]
debug (pre-order): [19<3> [12<3> [4 [1<2>] [10 [7<2>]]] [18<2>]] [64<3> [54<2> [47<2> [32 [31<4> [28<3> [29]]] [46<2> [36<3> [34 [33]] [44<2> [42<3> [38 [41<2>]] [43]]]]]] [53 [50 [52<2>]]]] [59<3> [61 [60] [62<2> [63]]]]] [66<3>]]]
debug (post-order): [[[[1<2>] [[7<2>] 10] 4] [18<2>] 12<3>] [[[[[[[29] 28<3>] 31<4>] [[[[33] 34] [[[[41<2>] 38] [43] 42<3>] 44<2>] 36<3>] 46<2>] 32] [[[52<2>] 50] 53] 47<2>] [[[60] [[63] 62<2>] 61] 59<3>] 54<2>] [66<3>] 64<3>] 19<3>]
size is 32
Duplicates: 29
Nodes: 32
Minimum depth: 2
Maximum depth: 10
