INTEGER test of GST, mixed insertions and deletions
size is 1749
Duplicates: 1443
Nodes: 1749
Minimum depth: 4
Maximum depth: 22
GST:
0: 920<3>(920<3>)X
1: 560<3>(920<3>)L 1565<3>(920<3>)R
2: 383(560<3>)L 643(560<3>)R 1248(1565<3>)L 1596<4>(1565<3>)R
3: 68<2>(383)L 433(383)R 594(643)L 713<2>(643)R 1061(1248)L 1389(1248)R 1579<2>(1596<4>)L 2331<2>(1596<4>)R
4: 57(68<2>)L 160<3>(68<2>)R 548<3>(433)R =590(594)L 637<2>(594)R 688<2>(713<2>)L 909(713<2>)R 966(1061)L 1241<4>(1061)R 1300(1389)L 1433(1389)R 1582<3>(1579<2>)R 1761<2>(2331<2>)L 2985<3>(2331<2>)R
5: 19(57)L 126<2>(160<3>)L 246(160<3>)R 438(548<3>)L =611(637<2>)L 706(688<2>)R 776<2>(909)L =944(966)L 1009<2>(966)R 1151<2>(1241<4>)L =1276<2>(1300)L 1407<2>(1433)L 1503(1433)R =1581<6>(1582<3>)L 1755(1761<2>)L 2229(1761<2>)R 2545(2985<3>)L 3042(2985<3>)R
6: =29(19)R 96(126<2>)L 151(126<2>)R 286(246)R 453(438)R =697(706)L 733(776<2>)L 895(776<2>)R =993<2>(1009<2>)L 1011(1009<2>)R 1123<2>(1151<2>)L 1223(1151<2>)R 1401<2>(1407<2>)L =1419(1407<2>)R 1500(1503)L 1535<3>(1503)R 1612<2>(1755)L 2043(2229)L 2309(2229)R 2363<4>(2545)L 2597<2>(2545)R 3009<2>(3042)L 3090(3042)R
7: =109<2>(96)R =146<3>(151)L 251(286)L 316(286)R 454(453)R =765(733)R 818(895)L 1056(1011)R =1140(1123<2>)R 1169(1223)L =1231<2>(1223)R =1392(1401<2>)L 1456(1500)L =1529(1535<3>)L 1691(1612<2>)R 1897(2043)L 2153(2043)R 2235(2309)L =2360(2363<4>)L 2519<2>(2363<4>)R =2579(2597<2>)L 2791<2>(2597<2>)R =3013(3009<2>)R 3065(3090)L 3194(3090)R
8: =258<3>(251)R =314<4>(316)L 359(316)R =547(454)R 790(818)L 846(818)R =1059(1056)R 1170(1169)R 1473<2>(1456)R 1658<3>(1691)L 1737(1691)R 1860(1897)L 1943(1897)R 2076<2>(2153)L 2190(2153)R 2257(2235)R 2436(2519<2>)L =2544<4>(2519<2>)R 2759<2>(2791<2>)L 2803(2791<2>)R 3081<3>(3065)R 3123<2>(3194)L 3315<2>(3194)R
9: =339(359)L =362(359)R 815<6>(790)R =832<2>(846)L =885(846)R 1207(1170)R 1474(1473<2>)R 1614<2>(1658<3>)L =1677(1658<3>)R 1730(1737)L 1837(1860)L =1882(1860)R 2004(1943)R 2129(2076<2>)R 2187<2>(2190)L 2245<3>(2257)L 2305<3>(2257)R 2485(2436)R 2620<2>(2759<2>)L 2790(2759<2>)R 2879(2803)R =3078<2>(3081<3>)L 3181(3123<2>)R 3286(3315<2>)L
10: 804(815<6>)L 1197(1207)L =1217(1207)R =1495(1474)R =1648<2>(1614<2>)R 1719<2>(1730)L 1732<2>(1730)R =1857(1837)R =2012(2004)R 2100<3>(2129)L =2143(2129)R =2181(2187<2>)L =2254(2245<3>)R 2294<3>(2305<3>)L 2448<4>(2485)L 2658(2620<2>)R =2787(2790)L 2827<2>(2879)L 2951(2879)R 3165(3181)L 3188(3181)R 3297(3286)R
11: =811<2>(804)R 1189<2>(1197)L =1712<2>(1719<2>)L =1731(1732<2>)L =2094(2100<3>)L 2112(2100<3>)R =2279(2294<3>)L 2458(2448<4>)R =2648<2>(2658)L 2694<2>(2658)R 2822<4>(2827<2>)L =2865<4>(2827<2>)R 2919(2951)L =3169(3165)R =3184(3188)L =3311(3297)R
12: 1179(1189<2>)L 2113<3>(2112)R 2461(2458)R 2670<2>(2694<2>)L 2753(2694<2>)R 2806<2>(2822<4>)L =2934<6>(2919)R
13: 1174(1179)L =1185<2>(1179)R =2124(2113<3>)R =2480(2461)R =2676(2670<2>)R 2743<2>(2753)L =2810(2806<2>)R
14: =1177(1174)R =2729<2>(2743<2>)L
debug: [[[[[[19 [29]] 57] 68<2> [[[96 [109<2>]] 126<2> [[146<3>] 151]] 160<3> [246 [[251 [258<3>]] 286 [[314<4>] 316 [[339] 359 [362]]]]]]] 383 [433 [[438 [453 [454 [547]]]] 548<3>]]] 560<3> [[[590] 594 [[611] 637<2>]] 643 [[688<2> [[697] 706]] 713<2> [[[733 [765]] 776<2> [[[790 [[804 [811<2>]] 815<6>]] 818 [[832<2>] 846 [885]]] 895]] 909]]]] 920<3> [[[[[944] 966 [[993<2>] 1009<2> [1011 [1056 [1059]]]]] 1061 [[[1123<2> [1140]] 1151<2> [[1169 [1170 [[[[[1174 [1177]] 1179 [1185<2>]] 1189<2>] 1197] 1207 [1217]]]] 1223 [1231<2>]]] 1241<4>]] 1248 [[[1276<2>] 1300] 1389 [[[[1392] 1401<2>] 1407<2> [1419]] 1433 [[[1456 [1473<2> [1474 [1495]]]] 1500] 1503 [[1529] 1535<3>]]]]] 1565<3> [[1579<2> [[1581<6>] 1582<3>]] 1596<4> [[[[1612<2> [[[1614<2> [1648<2>]] 1658<3> [1677]] 1691 [[[[1712<2>] 1719<2>] 1730 [[1731] 1732<2>]] 1737]]] 1755] 1761<2> [[[[[1837 [1857]] 1860 [1882]] 1897 [1943 [2004 [2012]]]] 2043 [[2076<2> [[[2094] 2100<3> [2112 [2113<3> [2124]]]] 2129 [2143]]] 2153 [[[2181] 2187<2>] 2190]]] 2229 [[2235 [[2245<3> [2254]] 2257 [[[2279] 2294<3>] 2305<3>]]] 2309]]] 2331<2> [[[[2360] 2363<4> [[2436 [[2448<4> [2458 [2461 [2480]]]] 2485]] 2519<2> [2544<4>]]] 2545 [[2579] 2597<2> [[[2620<2> [[2648<2>] 2658 [[2670<2> [2676]] 2694<2> [[[2729<2>] 2743<2>] 2753]]]] 2759<2> [[2787] 2790]] 2791<2> [2803 [[[[2806<2> [2810]] 2822<4>] 2827<2> [2865<4>]] 2879 [[2919 [2934<6>]] 2951]]]]]] 2985<3> [[3009<2> [3013]] 3042 [[3065 [[3078<2>] 3081<3>]] 3090 [[3123<2> [[3165 [3169]] 3181 [[3184] 3188]]] 3194 [[3286 [3297 [3311]]] 3315<2>]]]]]]]]]
debug: [920<3> [560<3> [383 [68<2> [57 [19 [29]]] [160<3> [126<2> [96 [109<2>]] [151 [146<3>]]] [246 [286 [251 [258<3>]] [316 [314<4>] [359 [339] [362]]]]]]] [433 [548<3> [438 [453 [454 [547]]]]]]] [643 [594 [590] [637<2> [611]]] [713<2> [688<2> [706 [697]]] [909 [776<2> [733 [765]] [895 [818 [790 [815<6> [804 [811<2>]]]] [846 [832<2>] [885]]]]]]]]] [1565<3> [1248 [1061 [966 [944] [1009<2> [993<2>] [1011 [1056 [1059]]]]] [1241<4> [1151<2> [1123<2> [1140]] [1223 [1169 [1170 [1207 [1197 [1189<2> [1179 [1174 [1177]] [1185<2>]]]] [1217]]]] [1231<2>]]]]] [1389 [1300 [1276<2>]] [1433 [1407<2> [1401<2> [1392]] [1419]] [1503 [1500 [1456 [1473<2> [1474 [1495]]]]] [1535<3> [1529]]]]]] [1596<4> [1579<2> [1582<3> [1581<6>]]] [2331<2> [1761<2> [1755 [1612<2> [1691 [1658<3> [1614<2> [1648<2>]] [1677]] [1737 [1730 [1719<2> [1712<2>]] [1732<2> [1731]]]]]]] [2229 [2043 [1897 [1860 [1837 [1857]] [1882]] [1943 [2004 [2012]]]] [2153 [2076<2> [2129 [2100<3> [2094] [2112 [2113<3> [2124]]]] [2143]]] [2190 [2187<2> [2181]]]]] [2309 [2235 [2257 [2245<3> [2254]] [2305<3> [2294<3> [2279]]]]]]]] [2985<3> [2545 [2363<4> [2360] [2519<2> [2436 [2485 [2448<4> [2458 [2461 [2480]]]]]] [2544<4>]]] [2597<2> [2579] [2791<2> [2759<2> [2620<2> [2658 [2648<2>] [2694<2> [2670<2> [2676]] [2753 [2743<2> [2729<2>]]]]]] [2790 [2787]]] [2803 [2879 [2827<2> [2822<4> [2806<2> [2810]]] [2865<4>]] [2951 [2919 [2934<6>]]]]]]]] [3042 [3009<2> [3013]] [3090 [3065 [3081<3> [3078<2>]]] [3194 [3123<2> [3181 [3165 [3169]] [3188 [3184]]]] [3315<2> [3286 [3297 [3311]]]]]]]]]]]]
debug: [[[[[[[29] 19] 57] [[[[109<2>] 96] [[146<3>] 151] 126<2>] [[[[258<3>] 251] [[314<4>] [[339] [362] 359] 316] 286] 246] 160<3>] 68<2>] [[[[[[547] 454] 453] 438] 548<3>] 433] 383] [[[590] [[611] 637<2>] 594] [[[[697] 706] 688<2>] [[[[765] 733] [[[[[[811<2>] 804] 815<6>] 790] [[832<2>] [885] 846] 818] 895] 776<2>] 909] 713<2>] 643] 560<3>] [[[[[944] [[993<2>] [[[1059] 1056] 1011] 1009<2>] 966] [[[[1140] 1123<2>] [[[[[[[[[1177] 1174] [1185<2>] 1179] 1189<2>] 1197] [1217] 1207] 1170] 1169] [1231<2>] 1223] 1151<2>] 1241<4>] 1061] [[[1276<2>] 1300] [[[[1392] 1401<2>] [1419] 1407<2>] [[[[[[1495] 1474] 1473<2>] 1456] 1500] [[1529] 1535<3>] 1503] 1433] 1389] 1248] [[[[1581<6>] 1582<3>] 1579<2>] [[[[[[[[1648<2>] 1614<2>] [1677] 1658<3>] [[[[1712<2>] 1719<2>] [[1731] 1732<2>] 1730] 1737] 1691] 1612<2>] 1755] [[[[[[1857] 1837] [1882] 1860] [[[2012] 2004] 1943] 1897] [[[[[2094] [[[2124] 2113<3>] 2112] 2100<3>] [2143] 2129] 2076<2>] [[[2181] 2187<2>] 2190] 2153] 2043] [[[[[2254] 2245<3>] [[[2279] 2294<3>] 2305<3>] 2257] 2235] 2309] 2229] 1761<2>] [[[[2360] [[[[[[[2480] 2461] 2458] 2448<4>] 2485] 2436] [2544<4>] 2519<2>] 2363<4>] [[2579] [[[[[2648<2>] [[[2676] 2670<2>] [[[2729<2>] 2743<2>] 2753] 2694<2>] 2658] 2620<2>] [[2787] 2790] 2759<2>] [[[[[[2810] 2806<2>] 2822<4>] [2865<4>] 2827<2>] [[[2934<6>] 2919] 2951] 2879] 2803] 2791<2>] 2597<2>] 2545] [[[3013] 3009<2>] [[[[3078<2>] 3081<3>] 3065] [[[[[3169] 3165] [[3184] 3188] 3181] 3123<2>] [[[[3311] 3297] 3286] 3315<2>] 3194] 3090] 3042] 2985<3>] 2331<2>] 1596<4>] 1565<3>] 920<3>]
size is 196
Duplicates: 120
Nodes: 196
Minimum depth: 3
Maximum depth: 14
