INTEGER test of GST, mixed insertions and deletions
size is 1796
Duplicates: 1446
Nodes: 1796
Minimum depth: 3
Maximum depth: 23
GST:
0: 567(567)X
1: 116<2>(567)L 1797(567)R
2: 79(116<2>)L 535(116<2>)R 1744(1797)L 2406(1797)R
3: 16<2>(79)L 345<3>(535)L =553(535)R 1233<5>(1744)L 1795(1744)R 2373(2406)L 2684(2406)R
4: 7<2>(16<2>)L 48<2>(16<2>)R 218(345<3>)L 519(345<3>)R 1080(1233<5>)L 1516<3>(1233<5>)R 1761(1795)L 2125<4>(2373)L =2397<4>(2373)R 2518<2>(2684)L 3073(2684)R
5: =2(7<2>)L =45(48<2>)L 127<3>(218)L 247<2>(218)R 457(519)L 894(1080)L 1138(1080)R 1246<2>(1516<3>)L 1677(1516<3>)R 1791<2>(1761)R 1972(2125<4>)L 2280<3>(2125<4>)R 2425(2518<2>)L 2676<2>(2518<2>)R 2813(3073)L 3140(3073)R
6: 186<2>(127<3>)R 262(247<2>)R 413(457)L 707(894)L 1079(894)R 1122(1138)L 1166<2>(1138)R 1354(1246<2>)R 1619<2>(1677)L 1736(1677)R =1771<4>(1791<2>)L 1947<4>(1972)L 2102<2>(1972)R 2227<2>(2280<3>)L 2352<5>(2280<3>)R 2507<2>(2425)R 2619<2>(2676<2>)L 2784(2813)L 3002(2813)R =3090(3140)L 3185(3140)R
7: =139<3>(186<2>)L 314<3>(262)R 371(413)L 435(413)R 599<4>(707)L 886<2>(707)R 929(1079)L =1114(1122)L =1213<2>(1166<2>)R 1367(1354)R 1549<2>(1619<2>)L 1668<2>(1619<2>)R 1726(1736)L 1865<2>(1947<4>)L 1955<2>(1947<4>)R 2008(2102<2>)L 2214(2227<2>)L =2265(2227<2>)R 2312<6>(2352<5>)L =2443(2507<2>)L 2590<2>(2619<2>)L =2655<2>(2619<2>)R 2782<2>(2784)L 2926<2>(3002)L 3049(3002)R 3241(3185)R
8: =266(314<3>)L 337<2>(314<3>)R =364<2>(371)L 443(435)R 629(599<4>)R 764(886<2>)L 911<2>(929)L 1054(929)R =1355(1367)L 1403<4>(1367)R 1599(1549<2>)R 1665(1668<2>)L =1699<3>(1726)L 1733<2>(1726)R 1869(1865<2>)R =1956(1955<2>)R 2022<3>(2008)R 2175(2214)L 2306(2312<6>)L 2338(2312<6>)R 2557(2590<2>)L =2611(2590<2>)R 2778<5>(2782<2>)L 2918(2926<2>)L 3001(2926<2>)R =3022<2>(3049)L 3064(3049)R =3230(3241)L 3259<3>(3241)R
9: =322<2>(337<2>)L =451<3>(443)R 660<3>(629)R 761(764)L 813(764)R 906<2>(911<2>)L 969<2>(1054)L 1371(1403<4>)L 1432<2>(1403<4>)R =1595<2>(1599)L 1633<2>(1665)L =1732(1733<2>)L =1920(1869)R =2014(2022<3>)L 2081<4>(2022<3>)R =2172(2175)L 2303(2306)L =2330(2338)L 2587(2557)R 2754<2>(2778<5>)L 2874<2>(2918)L =2947(3001)L =3063(3064)L 3298<4>(3259<3>)R
10: 633(660<3>)L 685<2>(660<3>)R 722(761)L =808<2>(813)L 880<2>(813)R =898(906<2>)L 957(969<2>)L 1019<2>(969<2>)R 1395(1371)R =1439(1432<2>)R =1646(1633<2>)R 2069(2081<4>)L =2092<2>(2081<4>)R =2286<2>(2303)L =2577<2>(2587)L =2747<2>(2754<2>)L =2768<4>(2754<2>)R 2881(2874<2>)R 3280<2>(3298<4>)L =3319<4>(3298<4>)R
11: =640<2>(633)R 679(685<2>)L =742(722)R 842(880<2>)L 885(880<2>)R 937<2>(957)L =1015<2>(1019<2>)L 1390(1395)L =2076(2069)R =2908(2881)R =3283(3280<2>)R
12: =670<2>(679)L 857<2>(842)R =883<3>(885)L =934(937<2>)L =953(937<2>)R =1376(1390)L
13: =845(857<2>)L
debug: [[[[[[2] 7<2>] 16<2> [[45] 48<2>]] 79] 116<2> [[[[127<3> [[139<3>] 186<2>]] 218 [247<2> [262 [[266] 314<3> [[322<2>] 337<2>]]]]] 345<3> [[[[[364<2>] 371] 413 [435 [443 [451<3>]]]] 457] 519]] 535 [553]]] 567 [[[[[[[599<4> [629 [[633 [640<2>]] 660<3> [[[670<2>] 679] 685<2>]]]] 707 [[[[722 [742]] 761] 764 [[808<2>] 813 [[842 [[845] 857<2>]] 880<2> [[883<3>] 885]]]] 886<2>]] 894 [[[[[898] 906<2>] 911<2>] 929 [[[[[934] 937<2> [953]] 957] 969<2> [[1015<2>] 1019<2>]] 1054]] 1079]] 1080 [[[1114] 1122] 1138 [1166<2> [1213<2>]]]] 1233<5> [[1246<2> [1354 [[1355] 1367 [[1371 [[[1376] 1390] 1395]] 1403<4> [1432<2> [1439]]]]]] 1516<3> [[[1549<2> [[1595<2>] 1599]] 1619<2> [[[1633<2> [1646]] 1665] 1668<2>]] 1677 [[[1699<3>] 1726 [[1732] 1733<2>]] 1736]]]] 1744 [[1761 [[1771<4>] 1791<2>]] 1795]] 1797 [[[[[[1865<2> [1869 [1920]]] 1947<4> [1955<2> [1956]]] 1972 [[2008 [[2014] 2022<3> [[2069 [2076]] 2081<4> [2092<2>]]]] 2102<2>]] 2125<4> [[[[[2172] 2175] 2214] 2227<2> [2265]] 2280<3> [[[[[2286<2>] 2303] 2306] 2312<6> [[2330] 2338]] 2352<5>]]] 2373 [2397<4>]] 2406 [[[2425 [[2443] 2507<2>]] 2518<2> [[[[2557 [[2577<2>] 2587]] 2590<2> [2611]] 2619<2> [2655<2>]] 2676<2>]] 2684 [[[[[[[2747<2>] 2754<2> [2768<4>]] 2778<5>] 2782<2>] 2784] 2813 [[[[2874<2> [2881 [2908]]] 2918] 2926<2> [[2947] 3001]] 3002 [[3022<2>] 3049 [[3063] 3064]]]] 3073 [[3090] 3140 [3185 [[3230] 3241 [3259<3> [[3280<2> [3283]] 3298<4> [3319<4>]]]]]]]]]]]
debug: [567 [116<2> [79 [16<2> [7<2> [2]] [48<2> [45]]]] [535 [345<3> [218 [127<3> [186<2> [139<3>]]] [247<2> [262 [314<3> [266] [337<2> [322<2>]]]]]] [519 [457 [413 [371 [364<2>]] [435 [443 [451<3>]]]]]]] [553]]] [1797 [1744 [1233<5> [1080 [894 [707 [599<4> [629 [660<3> [633 [640<2>]] [685<2> [679 [670<2>]]]]]] [886<2> [764 [761 [722 [742]]] [813 [808<2>] [880<2> [842 [857<2> [845]]] [885 [883<3>]]]]]]] [1079 [929 [911<2> [906<2> [898]]] [1054 [969<2> [957 [937<2> [934] [953]]] [1019<2> [1015<2>]]]]]]] [1138 [1122 [1114]] [1166<2> [1213<2>]]]] [1516<3> [1246<2> [1354 [1367 [1355] [1403<4> [1371 [1395 [1390 [1376]]]] [1432<2> [1439]]]]]] [1677 [1619<2> [1549<2> [1599 [1595<2>]]] [1668<2> [1665 [1633<2> [1646]]]]] [1736 [1726 [1699<3>] [1733<2> [1732]]]]]]] [1795 [1761 [1791<2> [1771<4>]]]]] [2406 [2373 [2125<4> [1972 [1947<4> [1865<2> [1869 [1920]]] [1955<2> [1956]]] [2102<2> [2008 [2022<3> [2014] [2081<4> [2069 [2076]] [2092<2>]]]]]] [2280<3> [2227<2> [2214 [2175 [2172]]] [2265]] [2352<5> [2312<6> [2306 [2303 [2286<2>]]] [2338 [2330]]]]]] [2397<4>]] [2684 [2518<2> [2425 [2507<2> [2443]]] [2676<2> [2619<2> [2590<2> [2557 [2587 [2577<2>]]] [2611]] [2655<2>]]]] [3073 [2813 [2784 [2782<2> [2778<5> [2754<2> [2747<2>] [2768<4>]]]]] [3002 [2926<2> [2918 [2874<2> [2881 [2908]]]] [3001 [2947]]] [3049 [3022<2>] [3064 [3063]]]]] [3140 [3090] [3185 [3241 [3230] [3259<3> [3298<4> [3280<2> [3283]] [3319<4>]]]]]]]]]]]
debug: [[[[[[2] 7<2>] [[45] 48<2>] 16<2>] 79] [[[[[[139<3>] 186<2>] 127<3>] [[[[266] [[322<2>] 337<2>] 314<3>] 262] 247<2>] 218] [[[[[364<2>] 371] [[[451<3>] 443] 435] 413] 457] 519] 345<3>] [553] 535] 116<2>] [[[[[[[[[[[640<2>] 633] [[[670<2>] 679] 685<2>] 660<3>] 629] 599<4>] [[[[[742] 722] 761] [[808<2>] [[[[845] 857<2>] 842] [[883<3>] 885] 880<2>] 813] 764] 886<2>] 707] [[[[[898] 906<2>] 911<2>] [[[[[934] [953] 937<2>] 957] [[1015<2>] 1019<2>] 969<2>] 1054] 929] 1079] 894] [[[1114] 1122] [[1213<2>] 1166<2>] 1138] 1080] [[[[[1355] [[[[[1376] 1390] 1395] 1371] [[1439] 1432<2>] 1403<4>] 1367] 1354] 1246<2>] [[[[[1595<2>] 1599] 1549<2>] [[[[1646] 1633<2>] 1665] 1668<2>] 1619<2>] [[[1699<3>] [[1732] 1733<2>] 1726] 1736] 1677] 1516<3>] 1233<5>] [[[[1771<4>] 1791<2>] 1761] 1795] 1744] [[[[[[[[1920] 1869] 1865<2>] [[1956] 1955<2>] 1947<4>] [[[[2014] [[[2076] 2069] [2092<2>] 2081<4>] 2022<3>] 2008] 2102<2>] 1972] [[[[[2172] 2175] 2214] [2265] 2227<2>] [[[[[2286<2>] 2303] 2306] [[2330] 2338] 2312<6>] 2352<5>] 2280<3>] 2125<4>] [2397<4>] 2373] [[[[[2443] 2507<2>] 2425] [[[[[[2577<2>] 2587] 2557] [2611] 2590<2>] [2655<2>] 2619<2>] 2676<2>] 2518<2>] [[[[[[[2747<2>] [2768<4>] 2754<2>] 2778<5>] 2782<2>] 2784] [[[[[[2908] 2881] 2874<2>] 2918] [[2947] 3001] 2926<2>] [[3022<2>] [[3063] 3064] 3049] 3002] 2813] [[3090] [[[3230] [[[[3283] 3280<2>] [3319<4>] 3298<4>] 3259<3>] 3241] 3185] 3140] 3073] 2684] 2406] 1797] 567]
size is 179
Duplicates: 124
Nodes: 179
Minimum depth: 2
Maximum depth: 13
