INTEGER test of GST, insertions
GST:
0: 7(7)X
1: 4<4>(7)L
2: 1<3>(4<4>)L =5<3>(4<4>)R
3: =0<3>(1<3>)L 2<2>(1<3>)R
4: =3(2<2>)R
debug (in-order): 0: 7(7)X
1: 4<4>(7)L
2: 1<3>(4<4>)L =5<3>(4<4>)R
3: =0<3>(1<3>)L 2<2>(1<3>)R
4: =3(2<2>)R

debug (pre-order): [7 [4<4> [1<3> [0<3>] [2<2> [3]]] [5<3>]]]
debug (post-order): [[[[0<3>] [[3] 2<2>] 1<3>] [5<3>] 4<4>] 7]
size is 7
Duplicates: 10
Nodes: 7
Minimum depth: 0
Maximum depth: 4
