INTEGER test of GST, mixed insertions and deletions
size is 1757
Duplicates: 1445
Nodes: 1757
Minimum depth: 3
Maximum depth: 22
GST:
0: 2106<3>(2106<3>)X
1: 1828<2>(2106<3>)L 2347<3>(2106<3>)R
2: 585(1828<2>)L 1969<2>(1828<2>)R 2121(2347<3>)L 2835<2>(2347<3>)R
3: 130<3>(585)L 1473(585)R 1939(1969<2>)L =2119(2121)L 2230(2121)R 2808<2>(2835<2>)L 3292<3>(2835<2>)R
4: 127<2>(130<3>)L 209<3>(130<3>)R 834<2>(1473)L 1495(1473)R 1916(1939)L 2185(2230)L 2273(2230)R 2414(2808<2>)L =2830<2>(2808<2>)R 3024(3292<3>)L 3299<2>(3292<3>)R
5: 19(127<2>)L 164(209<3>)L 382(209<3>)R 652(834<2>)L 1110(834<2>)R 1575<2>(1495)R 1894(1916)L 2180(2185)L 2247<4>(2273)L 2311(2273)R =2377(2414)L 2678(2414)R 2874<2>(3024)L 3163(3024)R =3332<2>(3299<2>)R
6: 13(19)L 114(19)R 167<2>(164)R 272(382)L 410<2>(382)R =647(652)L 752<2>(652)R 971<2>(1110)L 1312(1110)R 1525(1575<2>)L 1761(1575<2>)R 1861<2>(1894)L 2157(2180)L 2262(2247<4>)R 2317<2>(2311)R 2634(2678)L 2706(2678)R 2919(2874<2>)R 3057<2>(3163)L 3171<2>(3163)R
7: =16(13)R 31<2>(114)L 187(167<2>)R 266<3>(272)L 364(272)R 455(410<2>)R 690<3>(752<2>)L 798<3>(752<2>)R 891(971<2>)L 1045(971<2>)R 1285<2>(1312)L 1468<2>(1312)R =1522(1525)L 1548<2>(1525)R 1597<5>(1761)L 1819(1761)R =1857(1861<2>)L =1888(1861<2>)R 2139(2157)L =2252<2>(2262)L =2339(2317<2>)R 2489(2634)L 2650<2>(2634)R 2757<3>(2706)R =2916(2919)L 2994(2919)R 3125<2>(3057<2>)R 3177<2>(3171<2>)R
8: 28(31<2>)L =180(187)L 203(187)R 220<2>(266<3>)L 296(364)L =371<2>(364)R 559(455)R =681(690<3>)L 723(690<3>)R 804<2>(798<3>)R 885(891)L 956(891)R 1036(1045)L 1093<2>(1045)R 1147(1285<2>)L 1325(1468<2>)L 1561(1548<2>)R =1591<2>(1597<5>)L 1724<2>(1597<5>)R =1801(1819)L 2142(2139)R 2454<3>(2489)L 2535(2489)R =2643<3>(2650<2>)L 2673(2650<2>)R 2713(2757<3>)L =2787<6>(2757<3>)R 2938(2994)L =3020(2994)R 3110(3125<2>)L 3261(3177<2>)R
9: =24<2>(28)L 200(203)L =213(220<2>)L 243<2>(220<2>)R 283<6>(296)L 317<2>(296)R 463<2>(559)L =710(723)L =831(804<2>)R =880<2>(885)L =966(956)R 1006<3>(1036)L =1044(1036)R =1090<3>(1093<2>)L 1224(1147)R 1350(1325)R =1556<3>(1561)L 1708<2>(1724<2>)L =1747<3>(1724<2>)R =2156<3>(2142)R =2467(2454<3>)R 2525(2535)L 2590(2535)R =2672<2>(2673)L =2730<2>(2713)R 2989(2938)R =3124<2>(3110)R 3203(3261)L 3275<2>(3261)R
10: =199(200)L =256(243<2>)R =276(283<6>)L =316(317<2>)L 358<2>(317<2>)R 524(463<2>)R 992(1006<3>)L 1027<3>(1006<3>)R 1200<2>(1224)L 1249(1224)R 1392<2>(1350)R 1697(1708<2>)L 2515(2525)L =2584<2>(2590)L 2944(2989)L =3201<3>(3203)L =3290<2>(3275<2>)R
11: =351(358<2>)L 512(524)L 558(524)R =995<2>(992)R =1026<3>(1027<3>)L 1173(1200<2>)L =1239(1249)L 1257<3>(1249)R =1387(1392<2>)L 1451<2>(1392<2>)R 1640(1697)L =2522<2>(2515)R 2976<2>(2944)R
12: =504(512)L 548<4>(558)L 1179(1173)R =1279(1257<3>)R 1422(1451<2>)L 1608(1640)L 1667(1640)R =2960(2976<2>)L
13: =539<2>(548<4>)L =1174<3>(1179)L =1197(1179)R =1421<3>(1422)L =1443<5>(1422)R =1637(1608)R =1647<2>(1667)L =1679<2>(1667)R
debug: [[[[[[[13 [16]] 19 [[[[24<2>] 28] 31<2>] 114]] 127<2>] 130<3> [[164 [167<2> [[180] 187 [[[199] 200] 203]]]] 209<3> [[[[[213] 220<2> [243<2> [256]]] 266<3>] 272 [[[[276] 283<6>] 296 [[316] 317<2> [[351] 358<2>]]] 364 [371<2>]]] 382 [410<2> [455 [[463<2> [[[504] 512] 524 [[[539<2>] 548<4>] 558]]] 559]]]]]] 585 [[[[647] 652 [[[681] 690<3> [[710] 723]] 752<2> [798<3> [804<2> [831]]]]] 834<2> [[[[[880<2>] 885] 891 [956 [966]]] 971<2> [[[[992 [995<2>]] 1006<3> [[1026<3>] 1027<3>]] 1036 [1044]] 1045 [[1090<3>] 1093<2>]]] 1110 [[[1147 [[[1173 [[1174<3>] 1179 [1197]]] 1200<2>] 1224 [[1239] 1249 [1257<3> [1279]]]]] 1285<2>] 1312 [[1325 [1350 [[1387] 1392<2> [[[1421<3>] 1422 [1443<5>]] 1451<2>]]]] 1468<2>]]]] 1473 [1495 [[[1522] 1525 [1548<2> [[1556<3>] 1561]]] 1575<2> [[[1591<2>] 1597<5> [[[[[1608 [1637]] 1640 [[1647<2>] 1667 [1679<2>]]] 1697] 1708<2>] 1724<2> [1747<3>]]] 1761 [[1801] 1819]]]]]] 1828<2> [[[[[[1857] 1861<2> [1888]] 1894] 1916] 1939] 1969<2>]] 2106<3> [[[2119] 2121 [[[[[2139 [2142 [2156<3>]]] 2157] 2180] 2185] 2230 [[2247<4> [[2252<2>] 2262]] 2273 [2311 [2317<2> [2339]]]]]] 2347<3> [[[[2377] 2414 [[[[2454<3> [2467]] 2489 [[[2515 [2522<2>]] 2525] 2535 [[2584<2>] 2590]]] 2634 [[2643<3>] 2650<2> [[2672<2>] 2673]]] 2678 [2706 [[2713 [2730<2>]] 2757<3> [2787<6>]]]]] 2808<2> [2830<2>]] 2835<2> [[[2874<2> [[2916] 2919 [[2938 [[2944 [[2960] 2976<2>]] 2989]] 2994 [3020]]]] 3024 [[3057<2> [[3110 [3124<2>]] 3125<2>]] 3163 [3171<2> [3177<2> [[[3201<3>] 3203] 3261 [3275<2> [3290<2>]]]]]]] 3292<3> [3299<2> [3332<2>]]]]]]
debug: [2106<3> [1828<2> [585 [130<3> [127<2> [19 [13 [16]] [114 [31<2> [28 [24<2>]]]]]] [209<3> [164 [167<2> [187 [180] [203 [200 [199]]]]]] [382 [272 [266<3> [220<2> [213] [243<2> [256]]]] [364 [296 [283<6> [276]] [317<2> [316] [358<2> [351]]]] [371<2>]]] [410<2> [455 [559 [463<2> [524 [512 [504]] [558 [548<4> [539<2>]]]]]]]]]]] [1473 [834<2> [652 [647] [752<2> [690<3> [681] [723 [710]]] [798<3> [804<2> [831]]]]] [1110 [971<2> [891 [885 [880<2>]] [956 [966]]] [1045 [1036 [1006<3> [992 [995<2>]] [1027<3> [1026<3>]]] [1044]] [1093<2> [1090<3>]]]] [1312 [1285<2> [1147 [1224 [1200<2> [1173 [1179 [1174<3>] [1197]]]] [1249 [1239] [1257<3> [1279]]]]]] [1468<2> [1325 [1350 [1392<2> [1387] [1451<2> [1422 [1421<3>] [1443<5>]]]]]]]]]] [1495 [1575<2> [1525 [1522] [1548<2> [1561 [1556<3>]]]] [1761 [1597<5> [1591<2>] [1724<2> [1708<2> [1697 [1640 [1608 [1637]] [1667 [1647<2>] [1679<2>]]]]] [1747<3>]]] [1819 [1801]]]]]]] [1969<2> [1939 [1916 [1894 [1861<2> [1857] [1888]]]]]]] [2347<3> [2121 [2119] [2230 [2185 [2180 [2157 [2139 [2142 [2156<3>]]]]]] [2273 [2247<4> [2262 [2252<2>]]] [2311 [2317<2> [2339]]]]]] [2835<2> [2808<2> [2414 [2377] [2678 [2634 [2489 [2454<3> [2467]] [2535 [2525 [2515 [2522<2>]]] [2590 [2584<2>]]]] [2650<2> [2643<3>] [2673 [2672<2>]]]] [2706 [2757<3> [2713 [2730<2>]] [2787<6>]]]]] [2830<2>]] [3292<3> [3024 [2874<2> [2919 [2916] [2994 [2938 [2989 [2944 [2976<2> [2960]]]]] [3020]]]] [3163 [3057<2> [3125<2> [3110 [3124<2>]]]] [3171<2> [3177<2> [3261 [3203 [3201<3>]] [3275<2> [3290<2>]]]]]]] [3299<2> [3332<2>]]]]]]
debug: [[[[[[[[16] 13] [[[[24<2>] 28] 31<2>] 114] 19] 127<2>] [[[[[180] [[[199] 200] 203] 187] 167<2>] 164] [[[[[213] [[256] 243<2>] 220<2>] 266<3>] [[[[276] 283<6>] [[316] [[351] 358<2>] 317<2>] 296] [371<2>] 364] 272] [[[[[[[504] 512] [[[539<2>] 548<4>] 558] 524] 463<2>] 559] 455] 410<2>] 382] 209<3>] 130<3>] [[[[647] [[[681] [[710] 723] 690<3>] [[[831] 804<2>] 798<3>] 752<2>] 652] [[[[[880<2>] 885] [[966] 956] 891] [[[[[995<2>] 992] [[1026<3>] 1027<3>] 1006<3>] [1044] 1036] [[1090<3>] 1093<2>] 1045] 971<2>] [[[[[[[[1174<3>] [1197] 1179] 1173] 1200<2>] [[1239] [[1279] 1257<3>] 1249] 1224] 1147] 1285<2>] [[[[[1387] [[[1421<3>] [1443<5>] 1422] 1451<2>] 1392<2>] 1350] 1325] 1468<2>] 1312] 1110] 834<2>] [[[[1522] [[[1556<3>] 1561] 1548<2>] 1525] [[[1591<2>] [[[[[[1637] 1608] [[1647<2>] [1679<2>] 1667] 1640] 1697] 1708<2>] [1747<3>] 1724<2>] 1597<5>] [[1801] 1819] 1761] 1575<2>] 1495] 1473] 585] [[[[[[1857] [1888] 1861<2>] 1894] 1916] 1939] 1969<2>] 1828<2>] [[[2119] [[[[[[[2156<3>] 2142] 2139] 2157] 2180] 2185] [[[[2252<2>] 2262] 2247<4>] [[[2339] 2317<2>] 2311] 2273] 2230] 2121] [[[[2377] [[[[[2467] 2454<3>] [[[[2522<2>] 2515] 2525] [[2584<2>] 2590] 2535] 2489] [[2643<3>] [[2672<2>] 2673] 2650<2>] 2634] [[[[2730<2>] 2713] [2787<6>] 2757<3>] 2706] 2678] 2414] [2830<2>] 2808<2>] [[[[[2916] [[[[[[2960] 2976<2>] 2944] 2989] 2938] [3020] 2994] 2919] 2874<2>] [[[[[3124<2>] 3110] 3125<2>] 3057<2>] [[[[[3201<3>] 3203] [[3290<2>] 3275<2>] 3261] 3177<2>] 3171<2>] 3163] 3024] [[3332<2>] 3299<2>] 3292<3>] 2835<2>] 2347<3>] 2106<3>]
size is 194
Duplicates: 123
Nodes: 194
Minimum depth: 2
Maximum depth: 13
