INTEGER test of RBT, insertions, then deletions
RBT:
0: 36<4>(36<4>)X
1: 21(36<4>)L 53<2>(36<4>)R
2: 10*<2>(21)L 28<6>(21)R 44*<2>(53<2>)L 61<3>(53<2>)R
3: 5<4>(10*<2>)L 16(10*<2>)R 25*<3>(28<6>)L 32*<3>(28<6>)R 39<2>(44*<2>)L 48(44*<2>)R 59*<4>(61<3>)L 65*<3>(61<3>)R
4: 3(5<4>)L 7*<3>(5<4>)R 12*<4>(16)L 18*<2>(16)R =22(25*<3>)L =26<2>(25*<3>)R 31<4>(32*<3>)L 34<3>(32*<3>)R 38<2>(39<2>)L 42<4>(39<2>)R 46<4>(48)L 51*<3>(48)R 55(59*<4>)L =60<3>(59*<4>)R 63<2>(65*<3>)L 66<4>(65*<3>)R
5: =1*<3>(3)L =4*<2>(3)R =6(7*<3>)L 9(7*<3>)R =11<3>(12*<4>)L =14(12*<4>)R =17(18*<2>)L 19<3>(18*<2>)R =29*<2>(31<4>)L =33*<2>(34<3>)L =35*<4>(34<3>)R =37*(38<2>)L =41*<3>(42<4>)L =43*<2>(42<4>)R =47*<4>(46<4>)R 50<2>(51*<3>)L =52<3>(51*<3>)R =54*<2>(55)L =56*(55)R =62*<4>(63<2>)L =64*<4>(63<2>)R =67*(66<4>)R
6: =8*(9)L =20*(19<3>)R =49*(50<2>)L
debug (in-order): [[[[[[1*<3>] 3 [4*<2>]] 5<4> [[6] 7*<3> [[8*] 9]]] 10*<2> [[[11<3>] 12*<4> [14]] 16 [[17] 18*<2> [19<3> [20*]]]]] 21 [[[22] 25*<3> [26<2>]] 28<6> [[[29*<2>] 31<4>] 32*<3> [[33*<2>] 34<3> [35*<4>]]]]] 36<4> [[[[[37*] 38<2>] 39<2> [[41*<3>] 42<4> [43*<2>]]] 44*<2> [[46<4> [47*<4>]] 48 [[[49*] 50<2>] 51*<3> [52<3>]]]] 53<2> [[[[54*<2>] 55 [56*]] 59*<4> [60<3>]] 61<3> [[[62*<4>] 63<2> [64*<4>]] 65*<3> [66<4> [67*]]]]]]
debug (pre-order): [36<4> [21 [10*<2> [5<4> [3 [1*<3>] [4*<2>]] [7*<3> [6] [9 [8*]]]] [16 [12*<4> [11<3>] [14]] [18*<2> [17] [19<3> [20*]]]]] [28<6> [25*<3> [22] [26<2>]] [32*<3> [31<4> [29*<2>]] [34<3> [33*<2>] [35*<4>]]]]] [53<2> [44*<2> [39<2> [38<2> [37*]] [42<4> [41*<3>] [43*<2>]]] [48 [46<4> [47*<4>]] [51*<3> [50<2> [49*]] [52<3>]]]] [61<3> [59*<4> [55 [54*<2>] [56*]] [60<3>]] [65*<3> [63<2> [62*<4>] [64*<4>]] [66<4> [67*]]]]]]
debug (post-order): [[[[[[1*<3>] [4*<2>] 3] [[6] [[8*] 9] 7*<3>] 5<4>] [[[11<3>] [14] 12*<4>] [[17] [[20*] 19<3>] 18*<2>] 16] 10*<2>] [[[22] [26<2>] 25*<3>] [[[29*<2>] 31<4>] [[33*<2>] [35*<4>] 34<3>] 32*<3>] 28<6>] 21] [[[[[37*] 38<2>] [[41*<3>] [43*<2>] 42<4>] 39<2>] [[[47*<4>] 46<4>] [[[49*] 50<2>] [52<3>] 51*<3>] 48] 44*<2>] [[[[54*<2>] [56*] 55] [60<3>] 59*<4>] [[[62*<4>] [64*<4>] 63<2>] [[67*] 66<4>] 65*<3>] 61<3>] 53<2>] 36<4>]
size is 56
Duplicates: 81
Nodes: 56
Minimum depth: 4
Maximum depth: 6
RBT:
0: 36<3>(36<3>)X
1: 19<3>(36<3>)L 53(36<3>)R
2: 10(19<3>)L 32(19<3>)R 44*<2>(53)L 61(53)R
3: 4*(10)L 12<3>(10)R 29*(32)L 34(32)R 42<3>(44*<2>)L 47<2>(44*<2>)R 59*<3>(61)L 64*<3>(61)R
4: =1<2>(4*)L =7<2>(4*)R =18*<2>(12<3>)R =28<3>(29*)L =31<4>(29*)R =33*(34)L 38(42<3>)L =43(42<3>)R =46<2>(47<2>)L 50(47<2>)R =54<2>(59*<3>)L =60(59*<3>)R 63(64*<3>)L =66<3>(64*<3>)R
5: =41*<2>(38)R =52*<2>(50)R =62*<2>(63)L
debug (in-order): [[[[[1<2>] 4* [7<2>]] 10 [12<3> [18*<2>]]] 19<3> [[[28<3>] 29* [31<4>]] 32 [[33*] 34]]] 36<3> [[[[38 [41*<2>]] 42<3> [43]] 44*<2> [[46<2>] 47<2> [50 [52*<2>]]]] 53 [[[54<2>] 59*<3> [60]] 61 [[[62*<2>] 63] 64*<3> [66<3>]]]]]
debug (pre-order): [36<3> [19<3> [10 [4* [1<2>] [7<2>]] [12<3> [18*<2>]]] [32 [29* [28<3>] [31<4>]] [34 [33*]]]] [53 [44*<2> [42<3> [38 [41*<2>]] [43]] [47<2> [46<2>] [50 [52*<2>]]]] [61 [59*<3> [54<2>] [60]] [64*<3> [63 [62*<2>]] [66<3>]]]]]
debug (post-order): [[[[[1<2>] [7<2>] 4*] [[18*<2>] 12<3>] 10] [[[28<3>] [31<4>] 29*] [[33*] 34] 32] 19<3>] [[[[[41*<2>] 38] [43] 42<3>] [[46<2>] [[52*<2>] 50] 47<2>] 44*<2>] [[[54<2>] [60] 59*<3>] [[[62*<2>] 63] [66<3>] 64*<3>] 61] 53] 36<3>]
size is 32
Duplicates: 29
Nodes: 32
Minimum depth: 3
Maximum depth: 5
