INTEGER test of RBT, mixed insertions and deletions
size is 17890
Duplicates: 14642
Nodes: 17890
Minimum depth: 10
Maximum depth: 17
RBT:
0: 13293<3>(13293<3>)X
1: 6640<4>(13293<3>)L 24500(13293<3>)R
2: 3683<3>(6640<4>)L 11768*(6640<4>)R 19986*(24500)L 30025(24500)R
3: 1662(3683<3>)L 4865(3683<3>)R 9623(11768*)L 12446(11768*)R 16875(19986*)L 22117<3>(19986*)R 28505*(30025)L 31074(30025)R
4: 1316<2>(1662)L 2963*(1662)R 4246*(4865)L 5573<2>(4865)R 8343(9623)L 10603<2>(9623)R 12046<2>(12446)L 13020(12446)R 14644(16875)L 18494(16875)R 21119(22117<3>)L 23468(22117<3>)R 26375<2>(28505*)L 29184(28505*)R 30302(31074)L 33092*(31074)R
5: 1102(1316<2>)L =1356(1316<2>)R 2596(2963*)L 3133(2963*)R 4066<2>(4246*)L 4491<3>(4246*)R 5373(5573<2>)L =5836<3>(5573<2>)R 8065<3>(8343)L 9163(8343)R 10343(10603<2>)L 10704(10603<2>)R 11995<5>(12046<2>)L 12125<3>(12046<2>)R 12891(13020)L 13242(13020)R 13901(14644)L 16210(14644)R 17544*<2>(18494)L 18959<2>(18494)R 20854(21119)L 21491<3>(21119)R 23310(23468)L 24057<2>(23468)R 26143(26375<2>)L 27539*(26375<2>)R 28722(29184)L 29705(29184)R 30202(30302)L 30570(30302)R 31331(33092*)L 33276(33092*)R
6: =1251*<2>(1102)R =1766(2596)L 2808(2596)R 3008(3133)L =3656(3133)R =3948<2>(4066<2>)L =4224(4066<2>)R 4390(4491<3>)L 4764*<2>(4491<3>)R =5223*(5373)L 7384*<2>(8065<3>)L =8333(8065<3>)R =9075(9163)L 9475*(9163)R =9791<2>(10343)L 10536*<2>(10343)R =10685(10704)L 10902(10704)R =11889(11995<5>)L =12045(11995<5>)R =12057<3>(12125<3>)L =12324<4>(12125<3>)R =12781(12891)L =12973(12891)R =13160<5>(13242)L 13273(13242)R 13615*(13901)L 14308<2>(13901)R 15247(16210)L 16285(16210)R 17112<2>(17544*<2>)L 18207(17544*<2>)R 18925<4>(18959<2>)L 19385*(18959<2>)R 20622*(20854)L =20920(20854)R 21296(21491<3>)L 21679<3>(21491<3>)R =22421(23310)L =23412(23310)R 23710<2>(24057<2>)L 24299*(24057<2>)R =25761(26143)L =26359<2>(26143)R 27242(27539*)L 28093<4>(27539*)R 28531<2>(28722)L 28964(28722)R 29301*(29705)L 29999<2>(29705)R =30183*<3>(30202)L =30360*(30570)L 31302(31331)L 32848(31331)R =33162<2>(33276)L =33332<2>(33276)R
7: =2949*<2>(2808)R =3084*(3008)R =4472*<2>(4390)R =4615(4764*<2>)L =4808(4764*<2>)R =6721(7384*<2>)L =8009<2>(7384*<2>)R =9313<2>(9475*)L =9483(9475*)R =10363(10536*<2>)L =10559(10536*<2>)R =10833*(10902)L =13269*(13273)L =13468<2>(13615*)L =13885(13615*)R =14637*(14308<2>)R =16142*(15247)R =16541*(16285)R =17008(17112<2>)L =17395<2>(17112<2>)R 17932<2>(18207)L =18372(18207)R =18665*(18925<4>)L 19131<2>(19385*)L 19676(19385*)R =20549<2>(20622*)L =20728(20622*)R =21432*<2>(21296)R =21940*<2>(21679<3>)R =23653*(23710<2>)L =24196(24299*)L =24312(24299*)R =27050(27242)L 27383*(27242)R =27693(28093<4>)L =28383<2>(28093<4>)R =28721*(28531<2>)R =29120*(28964)R =29267(29301*)L =29617(29301*)R =29849*(29999<2>)L =31262*(31302)L =33011*(32848)R
8: =17861*(17932<2>)L =19325*(19131<2>)R =19898*(19676)R =27302<5>(27383*)L =27437(27383*)R
debug: [[[[[[1102 [1251*<2>]] 1316<2> [1356]] 1662 [[[1766] 2596 [2808 [2949*<2>]]] 2963* [[3008 [3084*]] 3133 [3656]]]] 3683<3> [[[[3948<2>] 4066<2> [4224]] 4246* [[4390 [4472*<2>]] 4491<3> [[4615] 4764*<2> [4808]]]] 4865 [[[5223*] 5373] 5573<2> [5836<3>]]]] 6640<4> [[[[[[6721] 7384*<2> [8009<2>]] 8065<3> [8333]] 8343 [[9075] 9163 [[9313<2>] 9475* [9483]]]] 9623 [[[9791<2>] 10343 [[10363] 10536*<2> [10559]]] 10603<2> [[10685] 10704 [[10833*] 10902]]]] 11768* [[[[11889] 11995<5> [12045]] 12046<2> [[12057<3>] 12125<3> [12324<4>]]] 12446 [[[12781] 12891 [12973]] 13020 [[13160<5>] 13242 [[13269*] 13273]]]]]] 13293<3> [[[[[[[13468<2>] 13615* [13885]] 13901 [14308<2> [14637*]]] 14644 [[15247 [16142*]] 16210 [16285 [16541*]]]] 16875 [[[[17008] 17112<2> [17395<2>]] 17544*<2> [[[17861*] 17932<2>] 18207 [18372]]] 18494 [[[18665*] 18925<4>] 18959<2> [[19131<2> [19325*]] 19385* [19676 [19898*]]]]]] 19986* [[[[[20549<2>] 20622* [20728]] 20854 [20920]] 21119 [[21296 [21432*<2>]] 21491<3> [21679<3> [21940*<2>]]]] 22117<3> [[[22421] 23310 [23412]] 23468 [[[23653*] 23710<2>] 24057<2> [[24196] 24299* [24312]]]]]] 24500 [[[[[25761] 26143 [26359<2>]] 26375<2> [[[27050] 27242 [[27302<5>] 27383* [27437]]] 27539* [[27693] 28093<4> [28383<2>]]]] 28505* [[[28531<2> [28721*]] 28722 [28964 [29120*]]] 29184 [[[29267] 29301* [29617]] 29705 [[29849*] 29999<2>]]]] 30025 [[[[30183*<3>] 30202] 30302 [[30360*] 30570]] 31074 [[[[31262*] 31302] 31331 [32848 [33011*]]] 33092* [[33162<2>] 33276 [33332<2>]]]]]]]
debug: [13293<3> [6640<4> [3683<3> [1662 [1316<2> [1102 [1251*<2>]] [1356]] [2963* [2596 [1766] [2808 [2949*<2>]]] [3133 [3008 [3084*]] [3656]]]] [4865 [4246* [4066<2> [3948<2>] [4224]] [4491<3> [4390 [4472*<2>]] [4764*<2> [4615] [4808]]]] [5573<2> [5373 [5223*]] [5836<3>]]]] [11768* [9623 [8343 [8065<3> [7384*<2> [6721] [8009<2>]] [8333]] [9163 [9075] [9475* [9313<2>] [9483]]]] [10603<2> [10343 [9791<2>] [10536*<2> [10363] [10559]]] [10704 [10685] [10902 [10833*]]]]] [12446 [12046<2> [11995<5> [11889] [12045]] [12125<3> [12057<3>] [12324<4>]]] [13020 [12891 [12781] [12973]] [13242 [13160<5>] [13273 [13269*]]]]]]] [24500 [19986* [16875 [14644 [13901 [13615* [13468<2>] [13885]] [14308<2> [14637*]]] [16210 [15247 [16142*]] [16285 [16541*]]]] [18494 [17544*<2> [17112<2> [17008] [17395<2>]] [18207 [17932<2> [17861*]] [18372]]] [18959<2> [18925<4> [18665*]] [19385* [19131<2> [19325*]] [19676 [19898*]]]]]] [22117<3> [21119 [20854 [20622* [20549<2>] [20728]] [20920]] [21491<3> [21296 [21432*<2>]] [21679<3> [21940*<2>]]]] [23468 [23310 [22421] [23412]] [24057<2> [23710<2> [23653*]] [24299* [24196] [24312]]]]]] [30025 [28505* [26375<2> [26143 [25761] [26359<2>]] [27539* [27242 [27050] [27383* [27302<5>] [27437]]] [28093<4> [27693] [28383<2>]]]] [29184 [28722 [28531<2> [28721*]] [28964 [29120*]]] [29705 [29301* [29267] [29617]] [29999<2> [29849*]]]]] [31074 [30302 [30202 [30183*<3>]] [30570 [30360*]]] [33092* [31331 [31302 [31262*]] [32848 [33011*]]] [33276 [33162<2>] [33332<2>]]]]]]]
debug: [[[[[[[1251*<2>] 1102] [1356] 1316<2>] [[[1766] [[2949*<2>] 2808] 2596] [[[3084*] 3008] [3656] 3133] 2963*] 1662] [[[[3948<2>] [4224] 4066<2>] [[[4472*<2>] 4390] [[4615] [4808] 4764*<2>] 4491<3>] 4246*] [[[5223*] 5373] [5836<3>] 5573<2>] 4865] 3683<3>] [[[[[[6721] [8009<2>] 7384*<2>] [8333] 8065<3>] [[9075] [[9313<2>] [9483] 9475*] 9163] 8343] [[[9791<2>] [[10363] [10559] 10536*<2>] 10343] [[10685] [[10833*] 10902] 10704] 10603<2>] 9623] [[[[11889] [12045] 11995<5>] [[12057<3>] [12324<4>] 12125<3>] 12046<2>] [[[12781] [12973] 12891] [[13160<5>] [[13269*] 13273] 13242] 13020] 12446] 11768*] 6640<4>] [[[[[[[13468<2>] [13885] 13615*] [[14637*] 14308<2>] 13901] [[[16142*] 15247] [[16541*] 16285] 16210] 14644] [[[[17008] [17395<2>] 17112<2>] [[[17861*] 17932<2>] [18372] 18207] 17544*<2>] [[[18665*] 18925<4>] [[[19325*] 19131<2>] [[19898*] 19676] 19385*] 18959<2>] 18494] 16875] [[[[[20549<2>] [20728] 20622*] [20920] 20854] [[[21432*<2>] 21296] [[21940*<2>] 21679<3>] 21491<3>] 21119] [[[22421] [23412] 23310] [[[23653*] 23710<2>] [[24196] [24312] 24299*] 24057<2>] 23468] 22117<3>] 19986*] [[[[[25761] [26359<2>] 26143] [[[27050] [[27302<5>] [27437] 27383*] 27242] [[27693] [28383<2>] 28093<4>] 27539*] 26375<2>] [[[[28721*] 28531<2>] [[29120*] 28964] 28722] [[[29267] [29617] 29301*] [[29849*] 29999<2>] 29705] 29184] 28505*] [[[[30183*<3>] 30202] [[30360*] 30570] 30302] [[[[31262*] 31302] [[33011*] 32848] 31331] [[33162<2>] [33332<2>] 33276] 33092*] 31074] 30025] 24500] 13293<3>]
size is 167
Duplicates: 81
Nodes: 167
Minimum depth: 5
Maximum depth: 8
