INTEGER test of RBT, insertions
RBT:
0: 41<5>(41<5>)X
1: 20(41<5>)L 53<2>(41<5>)R
2: 11*<2>(20)L 31*<2>(20)R 47<3>(53<2>)L 58<5>(53<2>)R
3: 6<3>(11*<2>)L 16<2>(11*<2>)R 27<3>(31*<2>)L 37(31*<2>)R 44*<2>(47<3>)L 49*<2>(47<3>)R 56*<2>(58<5>)L 62*<5>(58<5>)R
4: 2*<2>(6<3>)L 7<3>(6<3>)R 14<5>(16<2>)L 19<4>(16<2>)R 23*<4>(27<3>)L 29(27<3>)R 34(37)L 39<3>(37)R 43<3>(44*<2>)L 46(44*<2>)R =48(49*<2>)L 51(49*<2>)R 55(56*<2>)L =57(56*<2>)R 61<3>(62*<5>)L 63<3>(62*<5>)R
5: 1(2*<2>)L =5<2>(2*<2>)R =9*(7<3>)R =12*<3>(14<5>)L =15*<4>(14<5>)R =18*<2>(19<4>)L 22<4>(23*<4>)L 25<2>(23*<4>)R =28*<3>(29)L =30*<2>(29)R =32*<3>(34)L =36*(34)R =38*<2>(39<3>)L =42*<3>(43<3>)L =45*(46)L =50*<2>(51)L =52*<2>(51)R =54*<2>(55)L =60*<2>(61<3>)L =64*<2>(63<3>)R
6: =0*<3>(1)L =21*(22<4>)L =24*<4>(25<2>)L =26*<3>(25<2>)R
debug (in-order): 0: 41<5>(41<5>)X
1: 20(41<5>)L 53<2>(41<5>)R
2: 11*<2>(20)L 31*<2>(20)R 47<3>(53<2>)L 58<5>(53<2>)R
3: 6<3>(11*<2>)L 16<2>(11*<2>)R 27<3>(31*<2>)L 37(31*<2>)R 44*<2>(47<3>)L 49*<2>(47<3>)R 56*<2>(58<5>)L 62*<5>(58<5>)R
4: 2*<2>(6<3>)L 7<3>(6<3>)R 14<5>(16<2>)L 19<4>(16<2>)R 23*<4>(27<3>)L 29(27<3>)R 34(37)L 39<3>(37)R 43<3>(44*<2>)L 46(44*<2>)R =48(49*<2>)L 51(49*<2>)R 55(56*<2>)L =57(56*<2>)R 61<3>(62*<5>)L 63<3>(62*<5>)R
5: 1(2*<2>)L =5<2>(2*<2>)R =9*(7<3>)R =12*<3>(14<5>)L =15*<4>(14<5>)R =18*<2>(19<4>)L 22<4>(23*<4>)L 25<2>(23*<4>)R =28*<3>(29)L =30*<2>(29)R =32*<3>(34)L =36*(34)R =38*<2>(39<3>)L =42*<3>(43<3>)L =45*(46)L =50*<2>(51)L =52*<2>(51)R =54*<2>(55)L =60*<2>(61<3>)L =64*<2>(63<3>)R
6: =0*<3>(1)L =21*(22<4>)L =24*<4>(25<2>)L =26*<3>(25<2>)R

debug (pre-order): [41<5> [20 [11*<2> [6<3> [2*<2> [1 [0*<3>]] [5<2>]] [7<3> [9*]]] [16<2> [14<5> [12*<3>] [15*<4>]] [19<4> [18*<2>]]]] [31*<2> [27<3> [23*<4> [22<4> [21*]] [25<2> [24*<4>] [26*<3>]]] [29 [28*<3>] [30*<2>]]] [37 [34 [32*<3>] [36*]] [39<3> [38*<2>]]]]] [53<2> [47<3> [44*<2> [43<3> [42*<3>]] [46 [45*]]] [49*<2> [48] [51 [50*<2>] [52*<2>]]]] [58<5> [56*<2> [55 [54*<2>]] [57]] [62*<5> [61<3> [60*<2>]] [63<3> [64*<2>]]]]]]
debug (post-order): [[[[[[[0*<3>] 1] [5<2>] 2*<2>] [[9*] 7<3>] 6<3>] [[[12*<3>] [15*<4>] 14<5>] [[18*<2>] 19<4>] 16<2>] 11*<2>] [[[[[21*] 22<4>] [[24*<4>] [26*<3>] 25<2>] 23*<4>] [[28*<3>] [30*<2>] 29] 27<3>] [[[32*<3>] [36*] 34] [[38*<2>] 39<3>] 37] 31*<2>] 20] [[[[[42*<3>] 43<3>] [[45*] 46] 44*<2>] [[48] [[50*<2>] [52*<2>] 51] 49*<2>] 47<3>] [[[[54*<2>] 55] [57] 56*<2>] [[[60*<2>] 61<3>] [[64*<2>] 63<3>] 62*<5>] 58<5>] 53<2>] 41<5>]
size is 55
Duplicates: 77
Nodes: 55
Minimum depth: 4
Maximum depth: 6
