INTEGER test of RBT, mixed insertions and deletions
size is 1818
Duplicates: 1412
Nodes: 1818
Minimum depth: 7
Maximum depth: 12
RBT:
0: 1635(1635)X
1: 965<3>(1635)L 2577*<3>(1635)R
2: 498*<2>(965<3>)L 1289<2>(965<3>)R 1967<2>(2577*<3>)L 2908<3>(2577*<3>)R
3: 224(498*<2>)L 696<2>(498*<2>)R 1128*(1289<2>)L 1456(1289<2>)R 1843(1967<2>)L 2242(1967<2>)R 2698<3>(2908<3>)L 3093<2>(2908<3>)R
4: 84*(224)L 359<3>(224)R 580(696<2>)L 794<2>(696<2>)R 1020(1128*)L 1249(1128*)R 1384(1456)L 1525(1456)R 1747<2>(1843)L 1903(1843)R 2159(2242)L 2479<4>(2242)R 2669<3>(2698<3>)L 2816<2>(2698<3>)R 2969<2>(3093<2>)L 3180(3093<2>)R
5: 20(84*)L 152(84*)R 282<2>(359<3>)L 453<2>(359<3>)R 556(580)L 650(580)R 724*<2>(794<2>)L 890<2>(794<2>)R 1015(1020)L 1044<2>(1020)R 1187(1249)L 1259<2>(1249)R 1362(1384)L =1427(1384)R 1504*<2>(1525)L 1596(1525)R 1697(1747<2>)L 1778<2>(1747<2>)R 1888<2>(1903)L 1926<2>(1903)R 2108*(2159)L 2189<2>(2159)R 2431*(2479<4>)L 2513<2>(2479<4>)R 2640(2669<3>)L 2683<2>(2669<3>)R 2778(2816<2>)L 2845(2816<2>)R 2942<2>(2969<2>)L 3005(2969<2>)R 3138<2>(3180)L 3271(3180)R
6: 16(20)L 61(20)R 125(152)L 187(152)R =244<2>(282<2>)L 295<2>(282<2>)R =390(453<2>)L =463<6>(453<2>)R 518(556)L =560(556)R =622(650)L 661<2>(650)R 716(724*<2>)L 734<2>(724*<2>)R =878(890<2>)L 936(890<2>)R 994(1015)L =1016(1015)R =1038<4>(1044<2>)L =1064(1044<2>)R 1175(1187)L =1234(1187)R =1256(1259<2>)L 1270(1259<2>)R =1359*(1362)L =1466<2>(1504*<2>)L =1516(1504*<2>)R =1601*<2>(1596)R =1693<2>(1697)L 1733<4>(1697)R 1777(1778<2>)L 1806<3>(1778<2>)R 1875*(1888<2>)L =1894<3>(1888<2>)R 1907(1926<2>)L 1955(1926<2>)R 2081<5>(2108*)L 2131(2108*)R 2167*(2189<2>)L 2212<2>(2189<2>)R 2369<2>(2431*)L 2466<3>(2431*)R 2491*(2513<2>)L 2566<2>(2513<2>)R 2607<2>(2640)L =2668(2640)R =2676(2683<2>)L =2690(2683<2>)R 2768*(2778)L 2798<3>(2778)R 2824*(2845)L =2898<2>(2845)R 2940(2942<2>)L 2968<2>(2942<2>)R =2997(3005)L 3035*(3005)R =3128<2>(3138<2>)L 3163*<4>(3138<2>)R 3254(3271)L 3310<2>(3271)R
7: =4<2>(16)L =19(16)R =51<2>(61)L =62(61)R =93<3>(125)L 135<5>(125)R =153(187)L =218(187)R =289*<2>(295<2>)L =519*(518)R =669*<2>(661<2>)R =711(716)L =717<2>(716)R =730<2>(734<2>)L 775(734<2>)R =925*<2>(936)L =981*(994)L =1162*<2>(1175)L =1265*<2>(1270)L =1734*<2>(1733<4>)R =1754*<2>(1777)L =1836*<2>(1806<3>)R =1869(1875*)L =1882(1875*)R =1925*(1907)R =1941*(1955)L 2057<3>(2081<5>)L =2086(2081<5>)R =2126(2131)L =2142(2131)R =2166<3>(2167*)L =2185(2167*)R =2221*<2>(2212<2>)R 2337(2369<2>)L 2421*(2369<2>)R 2458(2466<3>)L =2467<2>(2466<3>)R =2485(2491*)L =2503(2491*)R =2524*(2566<2>)L =2629*(2607<2>)R 2749<5>(2768*)L =2774(2768*)R =2785*(2798<3>)L =2823(2824*)L =2834<2>(2824*)R =2924*<2>(2940)L =2961*(2968<2>)L 3016(3035*)L 3070(3035*)R =3159<2>(3163*<4>)L 3175(3163*<4>)R =3234*(3254)L =3292*(3310<2>)L
8: =133*(135<5>)L =777*(775)R =1972*(2057<3>)L =2331*<2>(2337)L 2400(2421*)L =2424(2421*)R =2454*(2458)L =2764*(2749<5>)R =3026*(3016)R =3068*(3070)L =3173*<2>(3175)L
9: =2393*(2400)L
debug: [[[[[[[[4<2>] 16 [19]] 20 [[51<2>] 61 [62]]] 84* [[[93<3>] 125 [[133*] 135<5>]] 152 [[153] 187 [218]]]] 224 [[[244<2>] 282<2> [[289*<2>] 295<2>]] 359<3> [[390] 453<2> [463<6>]]]] 498*<2> [[[[518 [519*]] 556 [560]] 580 [[622] 650 [661<2> [669*<2>]]]] 696<2> [[[[711] 716 [717<2>]] 724*<2> [[730<2>] 734<2> [775 [777*]]]] 794<2> [[878] 890<2> [[925*<2>] 936]]]]] 965<3> [[[[[[981*] 994] 1015 [1016]] 1020 [[1038<4>] 1044<2> [1064]]] 1128* [[[[1162*<2>] 1175] 1187 [1234]] 1249 [[1256] 1259<2> [[1265*<2>] 1270]]]] 1289<2> [[[[1359*] 1362] 1384 [1427]] 1456 [[[1466<2>] 1504*<2> [1516]] 1525 [1596 [1601*<2>]]]]]] 1635 [[[[[[1693<2>] 1697 [1733<4> [1734*<2>]]] 1747<2> [[[1754*<2>] 1777] 1778<2> [1806<3> [1836*<2>]]]] 1843 [[[[1869] 1875* [1882]] 1888<2> [1894<3>]] 1903 [[1907 [1925*]] 1926<2> [[1941*] 1955]]]] 1967<2> [[[[[[1972*] 2057<3>] 2081<5> [2086]] 2108* [[2126] 2131 [2142]]] 2159 [[[2166<3>] 2167* [2185]] 2189<2> [2212<2> [2221*<2>]]]] 2242 [[[[[2331*<2>] 2337] 2369<2> [[[2393*] 2400] 2421* [2424]]] 2431* [[[2454*] 2458] 2466<3> [2467<2>]]] 2479<4> [[[2485] 2491* [2503]] 2513<2> [[2524*] 2566<2>]]]]] 2577*<3> [[[[[2607<2> [2629*]] 2640 [2668]] 2669<3> [[2676] 2683<2> [2690]]] 2698<3> [[[[2749<5> [2764*]] 2768* [2774]] 2778 [[2785*] 2798<3>]] 2816<2> [[[2823] 2824* [2834<2>]] 2845 [2898<2>]]]] 2908<3> [[[[[2924*<2>] 2940] 2942<2> [[2961*] 2968<2>]] 2969<2> [[2997] 3005 [[3016 [3026*]] 3035* [[3068*] 3070]]]] 3093<2> [[[3128<2>] 3138<2> [[3159<2>] 3163*<4> [[3173*<2>] 3175]]] 3180 [[[3234*] 3254] 3271 [[3292*] 3310<2>]]]]]]]
debug: [1635 [965<3> [498*<2> [224 [84* [20 [16 [4<2>] [19]] [61 [51<2>] [62]]] [152 [125 [93<3>] [135<5> [133*]]] [187 [153] [218]]]] [359<3> [282<2> [244<2>] [295<2> [289*<2>]]] [453<2> [390] [463<6>]]]] [696<2> [580 [556 [518 [519*]] [560]] [650 [622] [661<2> [669*<2>]]]] [794<2> [724*<2> [716 [711] [717<2>]] [734<2> [730<2>] [775 [777*]]]] [890<2> [878] [936 [925*<2>]]]]]] [1289<2> [1128* [1020 [1015 [994 [981*]] [1016]] [1044<2> [1038<4>] [1064]]] [1249 [1187 [1175 [1162*<2>]] [1234]] [1259<2> [1256] [1270 [1265*<2>]]]]] [1456 [1384 [1362 [1359*]] [1427]] [1525 [1504*<2> [1466<2>] [1516]] [1596 [1601*<2>]]]]]] [2577*<3> [1967<2> [1843 [1747<2> [1697 [1693<2>] [1733<4> [1734*<2>]]] [1778<2> [1777 [1754*<2>]] [1806<3> [1836*<2>]]]] [1903 [1888<2> [1875* [1869] [1882]] [1894<3>]] [1926<2> [1907 [1925*]] [1955 [1941*]]]]] [2242 [2159 [2108* [2081<5> [2057<3> [1972*]] [2086]] [2131 [2126] [2142]]] [2189<2> [2167* [2166<3>] [2185]] [2212<2> [2221*<2>]]]] [2479<4> [2431* [2369<2> [2337 [2331*<2>]] [2421* [2400 [2393*]] [2424]]] [2466<3> [2458 [2454*]] [2467<2>]]] [2513<2> [2491* [2485] [2503]] [2566<2> [2524*]]]]]] [2908<3> [2698<3> [2669<3> [2640 [2607<2> [2629*]] [2668]] [2683<2> [2676] [2690]]] [2816<2> [2778 [2768* [2749<5> [2764*]] [2774]] [2798<3> [2785*]]] [2845 [2824* [2823] [2834<2>]] [2898<2>]]]] [3093<2> [2969<2> [2942<2> [2940 [2924*<2>]] [2968<2> [2961*]]] [3005 [2997] [3035* [3016 [3026*]] [3070 [3068*]]]]] [3180 [3138<2> [3128<2>] [3163*<4> [3159<2>] [3175 [3173*<2>]]]] [3271 [3254 [3234*]] [3310<2> [3292*]]]]]]]]
debug: [[[[[[[[4<2>] [19] 16] [[51<2>] [62] 61] 20] [[[93<3>] [[133*] 135<5>] 125] [[153] [218] 187] 152] 84*] [[[244<2>] [[289*<2>] 295<2>] 282<2>] [[390] [463<6>] 453<2>] 359<3>] 224] [[[[[519*] 518] [560] 556] [[622] [[669*<2>] 661<2>] 650] 580] [[[[711] [717<2>] 716] [[730<2>] [[777*] 775] 734<2>] 724*<2>] [[878] [[925*<2>] 936] 890<2>] 794<2>] 696<2>] 498*<2>] [[[[[[981*] 994] [1016] 1015] [[1038<4>] [1064] 1044<2>] 1020] [[[[1162*<2>] 1175] [1234] 1187] [[1256] [[1265*<2>] 1270] 1259<2>] 1249] 1128*] [[[[1359*] 1362] [1427] 1384] [[[1466<2>] [1516] 1504*<2>] [[1601*<2>] 1596] 1525] 1456] 1289<2>] 965<3>] [[[[[[1693<2>] [[1734*<2>] 1733<4>] 1697] [[[1754*<2>] 1777] [[1836*<2>] 1806<3>] 1778<2>] 1747<2>] [[[[1869] [1882] 1875*] [1894<3>] 1888<2>] [[[1925*] 1907] [[1941*] 1955] 1926<2>] 1903] 1843] [[[[[[1972*] 2057<3>] [2086] 2081<5>] [[2126] [2142] 2131] 2108*] [[[2166<3>] [2185] 2167*] [[2221*<2>] 2212<2>] 2189<2>] 2159] [[[[[2331*<2>] 2337] [[[2393*] 2400] [2424] 2421*] 2369<2>] [[[2454*] 2458] [2467<2>] 2466<3>] 2431*] [[[2485] [2503] 2491*] [[2524*] 2566<2>] 2513<2>] 2479<4>] 2242] 1967<2>] [[[[[[2629*] 2607<2>] [2668] 2640] [[2676] [2690] 2683<2>] 2669<3>] [[[[[2764*] 2749<5>] [2774] 2768*] [[2785*] 2798<3>] 2778] [[[2823] [2834<2>] 2824*] [2898<2>] 2845] 2816<2>] 2698<3>] [[[[[2924*<2>] 2940] [[2961*] 2968<2>] 2942<2>] [[2997] [[[3026*] 3016] [[3068*] 3070] 3035*] 3005] 2969<2>] [[[3128<2>] [[3159<2>] [[3173*<2>] 3175] 3163*<4>] 3138<2>] [[[3234*] 3254] [[3292*] 3310<2>] 3271] 3180] 3093<2>] 2908<3>] 2577*<3>] 1635]
size is 189
Duplicates: 113
Nodes: 189
Minimum depth: 5
Maximum depth: 9
