INTEGER test of RBT, insertions
RBT:
0: 4<4>(4<4>)X
1: 1*<3>(4<4>)L 7(4<4>)R
2: =0<3>(1*<3>)L 2<2>(1*<3>)R =5*<3>(7)L
3: =3*(2<2>)R
debug (in-order): 0: 4<4>(4<4>)X
1: 1*<3>(4<4>)L 7(4<4>)R
2: =0<3>(1*<3>)L 2<2>(1*<3>)R =5*<3>(7)L
3: =3*(2<2>)R

debug (pre-order): [4<4> [1*<3> [0<3>] [2<2> [3*]]] [7 [5*<3>]]]
debug (post-order): [[[0<3>] [[3*] 2<2>] 1*<3>] [[5*<3>] 7] 4<4>]
size is 7
Duplicates: 10
Nodes: 7
Minimum depth: 1
Maximum depth: 3
