INTEGER test of RBT, mixed insertions and deletions
size is 17918
Duplicates: 14408
Nodes: 17918
Minimum depth: 10
Maximum depth: 17
RBT:
0: 14330(14330)X
1: 7678(14330)L 24105<2>(14330)R
2: 3448*<2>(7678)L 11402(7678)R 20576<2>(24105<2>)L 28138*<3>(24105<2>)R
3: 1557(3448*<2>)L 5031(3448*<2>)R 9381<2>(11402)L 12940(11402)R 19362*(20576<2>)L 21751(20576<2>)R 25726(28138*<3>)L 30522<2>(28138*<3>)R
4: 676(1557)L 2310(1557)R 4318<2>(5031)L 6534*(5031)R 8737*(9381<2>)L 10272<3>(9381<2>)R 12097(12940)L 13222(12940)R 17057(19362*)L 20272(19362*)R 21156<2>(21751)L 22701*<3>(21751)R 24458(25726)L 27060<2>(25726)R 29508(30522<2>)L 31450(30522<2>)R
5: 509(676)L 1168(676)R 1911(2310)L 2820(2310)R 3932(4318<2>)L 4635<3>(4318<2>)R 5627<2>(6534*)L 7056(6534*)R 8293(8737*)L 8760(8737*)R 9874*<3>(10272<3>)L 10603(10272<3>)R 11771<2>(12097)L 12395*<5>(12097)R =13196<2>(13222)L 14293*(13222)R 16015*<3>(17057)L 18799<3>(17057)R 19714(20272)L 20310(20272)R 21108<2>(21156<2>)L 21384<3>(21156<2>)R 22358<2>(22701*<3>)L 23050(22701*<3>)R 24341(24458)L 25173<3>(24458)R 26154(27060<2>)L 27789(27060<2>)R 28844(29508)L 29884(29508)R 31155(31450)L 32071*(31450)R
6: 84(509)L =646<3>(509)R 1037(1168)L =1368(1168)R =1800(1911)L =2189(1911)R =2776<2>(2820)L =3344(2820)R =3551(3932)L 4301<2>(3932)R =4626(4635<3>)L =4820<2>(4635<3>)R 5296(5627<2>)L 5990(5627<2>)R 6831<3>(7056)L 7160(7056)R =8101(8293)L =8408(8293)R =8754(8760)L =9377(8760)R =9716<2>(9874*<3>)L =9928(9874*<3>)R =11380*(10603)R =11607*(11771<2>)L =12107<3>(12395*<5>)L =12754(12395*<5>)R =14260(14293*)L =14316(14293*)R 14901<3>(16015*<3>)L 16718<2>(16015*<3>)R =18377(18799<3>)L 19001*(18799<3>)R 19639(19714)L =20233(19714)R =20296<2>(20310)L 20420(20310)R =21076*(21108<2>)L =21724*<4>(21384<3>)R 22059*(22358<2>)L 22540<2>(22358<2>)R 22984(23050)L 23879*(23050)R =24240(24341)L =24375(24341)R =25102(25173<3>)L 25367(25173<3>)R =26090(26154)L 26963<2>(26154)R 27454<2>(27789)L 28049*(27789)R =28606<2>(28844)L 29320*(28844)R =29861<4>(29884)L 29999(29884)R 30793*(31155)L =31172<3>(31155)R 31857(32071*)L 33303(32071*)R
7: =393*<2>(84)R =847*(1037)L =4254*(4301<2>)L =5226(5296)L =5460(5296)R =5923(5990)L =6426(5990)R 6759(6831<3>)L =7043(6831<3>)R =7122<2>(7160)L =7598(7160)R 14788*(14901<3>)L 15532(14901<3>)R =16589(16718<2>)L 16805(16718<2>)R =18812(19001*)L =19123(19001*)R =19578*<2>(19639)L =20527*(20420)R =22007(22059*)L =22292(22059*)R =22685*<3>(22540<2>)R =22863*<5>(22984)L 23649(23879*)L 23971<2>(23879*)R =25303*(25367)L =27008*<2>(26963<2>)R =27703*(27454<2>)R =28032<2>(28049*)L =28084(28049*)R =29146(29320*)L =29323(29320*)R =29983*(29999)L 30756(30793*)L =31133<2>(30793*)R =31771(31857)L =32017<2>(31857)R 33024(33303)L =33313<2>(33303)R
8: =6823*(6759)R =14764(14788*)L =14879(14788*)R =15896*(15532)R =16936*(16805)R =23749*(23649)R =23930*(23971<2>)L =30601*(30756)L =33289*(33024)R
debug: [[[[[[[84 [393*<2>]] 509 [646<3>]] 676 [[[847*] 1037] 1168 [1368]]] 1557 [[[1800] 1911 [2189]] 2310 [[2776<2>] 2820 [3344]]]] 3448*<2> [[[[3551] 3932 [[4254*] 4301<2>]] 4318<2> [[4626] 4635<3> [4820<2>]]] 5031 [[[[5226] 5296 [5460]] 5627<2> [[5923] 5990 [6426]]] 6534* [[[6759 [6823*]] 6831<3> [7043]] 7056 [[7122<2>] 7160 [7598]]]]]] 7678 [[[[[8101] 8293 [8408]] 8737* [[8754] 8760 [9377]]] 9381<2> [[[9716<2>] 9874*<3> [9928]] 10272<3> [10603 [11380*]]]] 11402 [[[[11607*] 11771<2>] 12097 [[12107<3>] 12395*<5> [12754]]] 12940 [[13196<2>] 13222 [[14260] 14293* [14316]]]]]] 14330 [[[[[[[[14764] 14788* [14879]] 14901<3> [15532 [15896*]]] 16015*<3> [[16589] 16718<2> [16805 [16936*]]]] 17057 [[18377] 18799<3> [[18812] 19001* [19123]]]] 19362* [[[[19578*<2>] 19639] 19714 [20233]] 20272 [[20296<2>] 20310 [20420 [20527*]]]]] 20576<2> [[[[21076*] 21108<2>] 21156<2> [21384<3> [21724*<4>]]] 21751 [[[[22007] 22059* [22292]] 22358<2> [22540<2> [22685*<3>]]] 22701*<3> [[[22863*<5>] 22984] 23050 [[23649 [23749*]] 23879* [[23930*] 23971<2>]]]]]] 24105<2> [[[[[24240] 24341 [24375]] 24458 [[25102] 25173<3> [[25303*] 25367]]] 25726 [[[26090] 26154 [26963<2> [27008*<2>]]] 27060<2> [[27454<2> [27703*]] 27789 [[28032<2>] 28049* [28084]]]]] 28138*<3> [[[[28606<2>] 28844 [[29146] 29320* [29323]]] 29508 [[29861<4>] 29884 [[29983*] 29999]]] 30522<2> [[[[[30601*] 30756] 30793* [31133<2>]] 31155 [31172<3>]] 31450 [[[31771] 31857 [32017<2>]] 32071* [[33024 [33289*]] 33303 [33313<2>]]]]]]]]
debug: [14330 [7678 [3448*<2> [1557 [676 [509 [84 [393*<2>]] [646<3>]] [1168 [1037 [847*]] [1368]]] [2310 [1911 [1800] [2189]] [2820 [2776<2>] [3344]]]] [5031 [4318<2> [3932 [3551] [4301<2> [4254*]]] [4635<3> [4626] [4820<2>]]] [6534* [5627<2> [5296 [5226] [5460]] [5990 [5923] [6426]]] [7056 [6831<3> [6759 [6823*]] [7043]] [7160 [7122<2>] [7598]]]]]] [11402 [9381<2> [8737* [8293 [8101] [8408]] [8760 [8754] [9377]]] [10272<3> [9874*<3> [9716<2>] [9928]] [10603 [11380*]]]] [12940 [12097 [11771<2> [11607*]] [12395*<5> [12107<3>] [12754]]] [13222 [13196<2>] [14293* [14260] [14316]]]]]] [24105<2> [20576<2> [19362* [17057 [16015*<3> [14901<3> [14788* [14764] [14879]] [15532 [15896*]]] [16718<2> [16589] [16805 [16936*]]]] [18799<3> [18377] [19001* [18812] [19123]]]] [20272 [19714 [19639 [19578*<2>]] [20233]] [20310 [20296<2>] [20420 [20527*]]]]] [21751 [21156<2> [21108<2> [21076*]] [21384<3> [21724*<4>]]] [22701*<3> [22358<2> [22059* [22007] [22292]] [22540<2> [22685*<3>]]] [23050 [22984 [22863*<5>]] [23879* [23649 [23749*]] [23971<2> [23930*]]]]]]] [28138*<3> [25726 [24458 [24341 [24240] [24375]] [25173<3> [25102] [25367 [25303*]]]] [27060<2> [26154 [26090] [26963<2> [27008*<2>]]] [27789 [27454<2> [27703*]] [28049* [28032<2>] [28084]]]]] [30522<2> [29508 [28844 [28606<2>] [29320* [29146] [29323]]] [29884 [29861<4>] [29999 [29983*]]]] [31450 [31155 [30793* [30756 [30601*]] [31133<2>]] [31172<3>]] [32071* [31857 [31771] [32017<2>]] [33303 [33024 [33289*]] [33313<2>]]]]]]]]
debug: [[[[[[[[393*<2>] 84] [646<3>] 509] [[[847*] 1037] [1368] 1168] 676] [[[1800] [2189] 1911] [[2776<2>] [3344] 2820] 2310] 1557] [[[[3551] [[4254*] 4301<2>] 3932] [[4626] [4820<2>] 4635<3>] 4318<2>] [[[[5226] [5460] 5296] [[5923] [6426] 5990] 5627<2>] [[[[6823*] 6759] [7043] 6831<3>] [[7122<2>] [7598] 7160] 7056] 6534*] 5031] 3448*<2>] [[[[[8101] [8408] 8293] [[8754] [9377] 8760] 8737*] [[[9716<2>] [9928] 9874*<3>] [[11380*] 10603] 10272<3>] 9381<2>] [[[[11607*] 11771<2>] [[12107<3>] [12754] 12395*<5>] 12097] [[13196<2>] [[14260] [14316] 14293*] 13222] 12940] 11402] 7678] [[[[[[[[14764] [14879] 14788*] [[15896*] 15532] 14901<3>] [[16589] [[16936*] 16805] 16718<2>] 16015*<3>] [[18377] [[18812] [19123] 19001*] 18799<3>] 17057] [[[[19578*<2>] 19639] [20233] 19714] [[20296<2>] [[20527*] 20420] 20310] 20272] 19362*] [[[[21076*] 21108<2>] [[21724*<4>] 21384<3>] 21156<2>] [[[[22007] [22292] 22059*] [[22685*<3>] 22540<2>] 22358<2>] [[[22863*<5>] 22984] [[[23749*] 23649] [[23930*] 23971<2>] 23879*] 23050] 22701*<3>] 21751] 20576<2>] [[[[[24240] [24375] 24341] [[25102] [[25303*] 25367] 25173<3>] 24458] [[[26090] [[27008*<2>] 26963<2>] 26154] [[[27703*] 27454<2>] [[28032<2>] [28084] 28049*] 27789] 27060<2>] 25726] [[[[28606<2>] [[29146] [29323] 29320*] 28844] [[29861<4>] [[29983*] 29999] 29884] 29508] [[[[[30601*] 30756] [31133<2>] 30793*] [31172<3>] 31155] [[[31771] [32017<2>] 31857] [[[33289*] 33024] [33313<2>] 33303] 32071*] 31450] 30522<2>] 28138*<3>] 24105<2>] 14330]
size is 169
Duplicates: 76
Nodes: 169
Minimum depth: 5
Maximum depth: 8
