INTEGER test of RBT, mixed insertions and deletions
size is 17946
Duplicates: 14465
Nodes: 17946
Minimum depth: 10
Maximum depth: 17
RBT:
0: 17866(17866)X
1: 9198*<2>(17866)L 26947(17866)R
2: 5453<2>(9198*<2>)L 13607<3>(9198*<2>)R 23634<2>(26947)L 30242(26947)R
3: 2697(5453<2>)L 7230(5453<2>)R 11731(13607<3>)L 15380(13607<3>)R 22110*<2>(23634<2>)L 25105(23634<2>)R 29153(30242)L 32408(30242)R
4: 1046(2697)L 4452(2697)R 5898(7230)L 8544<2>(7230)R 10541(11731)L 12343(11731)R 15225(15380)L 16189(15380)R 20113<2>(22110*<2>)L 22971(22110*<2>)R 24604<2>(25105)L 26163*<2>(25105)R 28331<2>(29153)L 29978(29153)R 31293(32408)L 32892*<2>(32408)R
5: 668<4>(1046)L 2133(1046)R 3733<3>(4452)L 4976(4452)R 5775(5898)L 6423(5898)R 8114(8544<2>)L 9110<2>(8544<2>)R 10060(10541)L 11178(10541)R 12032(12343)L 12814(12343)R 14280(15225)L 15324(15225)R 15858(16189)L 17496(16189)R 18696(20113<2>)L 20858<2>(20113<2>)R 22575(22971)L 23447<2>(22971)R 24385(24604<2>)L 24876*<3>(24604<2>)R 26000(26163*<2>)L 26283<2>(26163*<2>)R 28300(28331<2>)L 28773*(28331<2>)R 29711*<2>(29978)L =30056<2>(29978)R 30725*(31293)L =32212(31293)R 32686(32892*<2>)L 33117<3>(32892*<2>)R
6: 187*(668<4>)L 981<2>(668<4>)R 1549*(2133)L =2322<3>(2133)R 3562(3733<3>)L 3831<4>(3733<3>)R =4647<2>(4976)L 5186(4976)R =5709<4>(5775)L =5864(5775)R 6179(6423)L 7167(6423)R 7482<3>(8114)L =8179<3>(8114)R =8666(9110<2>)L =9177<3>(9110<2>)R 9852(10060)L 10208<2>(10060)R 10968*<2>(11178)L 11404(11178)R =11941(12032)L =12257(12032)R 12762*(12814)L =12994(12814)R =14152(14280)L 14626*<3>(14280)R =15290<2>(15324)L =15342(15324)R =15553(15858)L 16157<2>(15858)R 17021(17496)L 17671*<2>(17496)R 18418(18696)L 19172(18696)R 20765(20858<2>)L =20953(20858<2>)R 22245(22575)L =22916<2>(22575)R =23329<2>(23447<2>)L =23567<2>(23447<2>)R =24572*(24385)R =24870<4>(24876*<3>)L =24983(24876*<3>)R 25876<2>(26000)L =26112<2>(26000)R =26279(26283<2>)L =26508<2>(26283<2>)R =27150*<2>(28300)L 28615<2>(28773*)L =28911(28773*)R =29442(29711*<2>)L =29873(29711*<2>)R 30361(30725*)L =30932(30725*)R =32569<3>(32686)L =32842(32686)R =33035<3>(33117<3>)L =33187(33117<3>)R
7: =69(187*)L =231<2>(187*)R =787*(981<2>)L 1375<2>(1549*)L =2124(1549*)R =3666*(3562)R =4271*(3831<4>)R =5109*(5186)L =6392*(6179)R =6912*(7167)L =8076*(7482<3>)R =9812*<2>(9852)L =10455*(10208<2>)R 10797(10968*<2>)L =11140(10968*<2>)R =11602*<2>(11404)R 12632(12762*)L =12812(12762*)R =14568(14626*<3>)L 14945<2>(14626*<3>)R =16162*(16157<2>)R =16625*(17021)L =17541(17671*<2>)L =17823(17671*<2>)R =18689*(18418)R =19583*(19172)R =20767*(20765)R =22561*(22245)R =25773*(25876<2>)L =28601*<2>(28615<2>)L =30687*<2>(30361)R
8: =1416*<3>(1375<2>)R =10687*(10797)L =12589*(12632)L =14758*<2>(14945<2>)L
debug: [[[[[[[[69] 187* [231<2>]] 668<4> [[787*] 981<2>]] 1046 [[[1375<2> [1416*<3>]] 1549* [2124]] 2133 [2322<3>]]] 2697 [[[3562 [3666*]] 3733<3> [3831<4> [4271*]]] 4452 [[4647<2>] 4976 [[5109*] 5186]]]] 5453<2> [[[[5709<4>] 5775 [5864]] 5898 [[6179 [6392*]] 6423 [[6912*] 7167]]] 7230 [[[7482<3> [8076*]] 8114 [8179<3>]] 8544<2> [[8666] 9110<2> [9177<3>]]]]] 9198*<2> [[[[[[9812*<2>] 9852] 10060 [10208<2> [10455*]]] 10541 [[[[10687*] 10797] 10968*<2> [11140]] 11178 [11404 [11602*<2>]]]] 11731 [[[11941] 12032 [12257]] 12343 [[[[12589*] 12632] 12762* [12812]] 12814 [12994]]]] 13607<3> [[[[14152] 14280 [[14568] 14626*<3> [[14758*<2>] 14945<2>]]] 15225 [[15290<2>] 15324 [15342]]] 15380 [[[15553] 15858 [16157<2> [16162*]]] 16189 [[[16625*] 17021] 17496 [[17541] 17671*<2> [17823]]]]]]] 17866 [[[[[[18418 [18689*]] 18696 [19172 [19583*]]] 20113<2> [[20765 [20767*]] 20858<2> [20953]]] 22110*<2> [[[22245 [22561*]] 22575 [22916<2>]] 22971 [[23329<2>] 23447<2> [23567<2>]]]] 23634<2> [[[24385 [24572*]] 24604<2> [[24870<4>] 24876*<3> [24983]]] 25105 [[[[25773*] 25876<2>] 26000 [26112<2>]] 26163*<2> [[26279] 26283<2> [26508<2>]]]]] 26947 [[[[[27150*<2>] 28300] 28331<2> [[[28601*<2>] 28615<2>] 28773* [28911]]] 29153 [[[29442] 29711*<2> [29873]] 29978 [30056<2>]]] 30242 [[[[30361 [30687*<2>]] 30725* [30932]] 31293 [32212]] 32408 [[[32569<3>] 32686 [32842]] 32892*<2> [[33035<3>] 33117<3> [33187]]]]]]]
debug: [17866 [9198*<2> [5453<2> [2697 [1046 [668<4> [187* [69] [231<2>]] [981<2> [787*]]] [2133 [1549* [1375<2> [1416*<3>]] [2124]] [2322<3>]]] [4452 [3733<3> [3562 [3666*]] [3831<4> [4271*]]] [4976 [4647<2>] [5186 [5109*]]]]] [7230 [5898 [5775 [5709<4>] [5864]] [6423 [6179 [6392*]] [7167 [6912*]]]] [8544<2> [8114 [7482<3> [8076*]] [8179<3>]] [9110<2> [8666] [9177<3>]]]]] [13607<3> [11731 [10541 [10060 [9852 [9812*<2>]] [10208<2> [10455*]]] [11178 [10968*<2> [10797 [10687*]] [11140]] [11404 [11602*<2>]]]] [12343 [12032 [11941] [12257]] [12814 [12762* [12632 [12589*]] [12812]] [12994]]]] [15380 [15225 [14280 [14152] [14626*<3> [14568] [14945<2> [14758*<2>]]]] [15324 [15290<2>] [15342]]] [16189 [15858 [15553] [16157<2> [16162*]]] [17496 [17021 [16625*]] [17671*<2> [17541] [17823]]]]]]] [26947 [23634<2> [22110*<2> [20113<2> [18696 [18418 [18689*]] [19172 [19583*]]] [20858<2> [20765 [20767*]] [20953]]] [22971 [22575 [22245 [22561*]] [22916<2>]] [23447<2> [23329<2>] [23567<2>]]]] [25105 [24604<2> [24385 [24572*]] [24876*<3> [24870<4>] [24983]]] [26163*<2> [26000 [25876<2> [25773*]] [26112<2>]] [26283<2> [26279] [26508<2>]]]]] [30242 [29153 [28331<2> [28300 [27150*<2>]] [28773* [28615<2> [28601*<2>]] [28911]]] [29978 [29711*<2> [29442] [29873]] [30056<2>]]] [32408 [31293 [30725* [30361 [30687*<2>]] [30932]] [32212]] [32892*<2> [32686 [32569<3>] [32842]] [33117<3> [33035<3>] [33187]]]]]]]
debug: [[[[[[[[69] [231<2>] 187*] [[787*] 981<2>] 668<4>] [[[[1416*<3>] 1375<2>] [2124] 1549*] [2322<3>] 2133] 1046] [[[[3666*] 3562] [[4271*] 3831<4>] 3733<3>] [[4647<2>] [[5109*] 5186] 4976] 4452] 2697] [[[[5709<4>] [5864] 5775] [[[6392*] 6179] [[6912*] 7167] 6423] 5898] [[[[8076*] 7482<3>] [8179<3>] 8114] [[8666] [9177<3>] 9110<2>] 8544<2>] 7230] 5453<2>] [[[[[[9812*<2>] 9852] [[10455*] 10208<2>] 10060] [[[[10687*] 10797] [11140] 10968*<2>] [[11602*<2>] 11404] 11178] 10541] [[[11941] [12257] 12032] [[[[12589*] 12632] [12812] 12762*] [12994] 12814] 12343] 11731] [[[[14152] [[14568] [[14758*<2>] 14945<2>] 14626*<3>] 14280] [[15290<2>] [15342] 15324] 15225] [[[15553] [[16162*] 16157<2>] 15858] [[[16625*] 17021] [[17541] [17823] 17671*<2>] 17496] 16189] 15380] 13607<3>] 9198*<2>] [[[[[[[18689*] 18418] [[19583*] 19172] 18696] [[[20767*] 20765] [20953] 20858<2>] 20113<2>] [[[[22561*] 22245] [22916<2>] 22575] [[23329<2>] [23567<2>] 23447<2>] 22971] 22110*<2>] [[[[24572*] 24385] [[24870<4>] [24983] 24876*<3>] 24604<2>] [[[[25773*] 25876<2>] [26112<2>] 26000] [[26279] [26508<2>] 26283<2>] 26163*<2>] 25105] 23634<2>] [[[[[27150*<2>] 28300] [[[28601*<2>] 28615<2>] [28911] 28773*] 28331<2>] [[[29442] [29873] 29711*<2>] [30056<2>] 29978] 29153] [[[[[30687*<2>] 30361] [30932] 30725*] [32212] 31293] [[[32569<3>] [32842] 32686] [[33035<3>] [33187] 33117<3>] 32892*<2>] 32408] 30242] 26947] 17866]
size is 156
Duplicates: 75
Nodes: 156
Minimum depth: 5
Maximum depth: 8
