size is 6340
in-order: [[148 [[[[155 [195 [230]]] 232 [295]] 307] 323 [[412 [480 [542]]] 622]]] 687 [[[[[[[[799] 836 [[1000] 1046]] 1121 [[1520 [1522]] 1528 [[[[[[[1694] 1746 [1812 [[1849] 1891 [1937]]]] 1968 [2029 [[2061] 2119]]] 2120] 2237 [2305]] 2334 [2453 [2610 [3014 [[3017 [3073]] 3166]]]]] 3253 [3366 [3383 [3419 [3470]]]]]]] 3504] 3539 [[3748] 3797]] 3845 [[4235 [4271 [4273 [4341]]]] 4343 [4426 [[[4452 [4477]] 4516] 4614 [4975]]]]] 5064 [5089 [5333 [[5435 [5440 [5557]]] 5683]]]] 5712 [[[[5822] 5917 [[[[[5999 [6007]] 6052 [6065]] 6122 [[6316] 6350]] 6363 [[6553 [6593]] 6596 [[6837] 6874]]] 6917]] 7175 [7448 [[7605] 7765 [[7899] 7914]]]] 8009 [[[[8055 [[[8215] 8250] 8364]] 8554] 8668 [9070 [9091]]] 9095 [9209 [[[9291] 9472 [[9514] 9521 [9570]]] 9757 [9938]]]]]]]
level:
0: 687(687)X
1: 148(687)L 5712(687)R
2: 323(148)R 5064(5712)L 8009(5712)R
3: 307(323)L 622(323)R 3845(5064)L 5089(5064)R 7175(8009)L 9095(8009)R
4: 232(307)L 412(622)L 3539(3845)L 4343(3845)R 5333(5089)R 5917(7175)L 7448(7175)R 8668(9095)L 9209(9095)R
5: 155(232)L =295(232)R 480(412)R 3504(3539)L 3797(3539)R 4235(4343)L 4426(4343)R 5683(5333)R =5822(5917)L 6917(5917)R 7765(7448)R 8554(8668)L 9070(8668)R 9757(9209)R
6: 195(155)R =542(480)R 1121(3504)L =3748(3797)L 4271(4235)R 4614(4426)R 5435(5683)L 6363(6917)L =7605(7765)L 7914(7765)R 8055(8554)L =9091(9070)R 9472(9757)L =9938(9757)R
7: =230(195)R 836(1121)L 1528(1121)R 4273(4271)R 4516(4614)L =4975(4614)R 5440(5435)R 6122(6363)L 6596(6363)R =7899(7914)L 8364(8055)R =9291(9472)L 9521(9472)R
8: =799(836)L 1046(836)R 1520(1528)L 3253(1528)R =4341(4273)R 4452(4516)L =5557(5440)R 6052(6122)L 6350(6122)R 6553(6596)L 6874(6596)R 8250(8364)L =9514(9521)L =9570(9521)R
9: =1000(1046)L =1522(1520)R 2334(3253)L 3366(3253)R =4477(4452)R 5999(6052)L =6065(6052)R =6316(6350)L =6593(6553)R =6837(6874)L =8215(8250)L
10: 2237(2334)L 2453(2334)R 3383(3366)R =6007(5999)R
11: 2120(2237)L =2305(2237)R 2610(2453)R 3419(3383)R
12: 1968(2120)L 3014(2610)R =3470(3419)R
13: 1746(1968)L 2029(1968)R 3166(3014)R
14: =1694(1746)L 1812(1746)R 2119(2029)R 3017(3166)L
15: 1891(1812)R =2061(2119)L =3073(3017)R
16: =1849(1891)L =1937(1891)R
size is 110
Nodes: 110
Minimum depth: 1
Maximum depth: 16
