in-order: [[[[[[[[[[0] 2] 4 [[6] 7]] 9 [11 [12]]] 14 [[16] 17 [[18 [20]] 22]]] 23 [[27 [31]] 32 [34 [[37 [39]] 41 [42]]]]] 43 [45]] 47 [[48 [[49] 50]] 51 [[[52] 53 [55]] 56 [[[57 [59 [62]]] 63] 65 [66]]]]] 68 [[[[[69] 71 [72]] 73] 75 [[76 [77 [78]]] 81 [[82] 83 [84 [86 [89]]]]]] 91 [[[92 [93 [[94 [95]] 96]]] 98] 99 [[101 [[[[103] 104] 105] 113]] 114 [[116] 117 [[[118] 119] 120 [125]]]]]]] 127 [[[128 [129]] 130 [131]] 132 [[[134] 135] 136]]]
level:
0: 127(127)X
1: 68(127)L 132(127)R
2: 47(68)L 91(68)R 130(132)L 136(132)R
3: 43(47)L 51(47)R 75(91)L 99(91)R 128(130)L =131(130)R 135(136)L
4: 23(43)L =45(43)R 48(51)L 56(51)R 73(75)L 81(75)R 98(99)L 114(99)R =129(128)R =134(135)L
5: 14(23)L 32(23)R 50(48)R 53(56)L 65(56)R 71(73)L 76(81)L 83(81)R 92(98)L 101(114)L 117(114)R
6: 9(14)L 17(14)R 27(32)L 34(32)R =49(50)L =52(53)L =55(53)R 63(65)L =66(65)R =69(71)L =72(71)R 77(76)R =82(83)L 84(83)R 93(92)R 113(101)R =116(117)L 120(117)R
7: 4(9)L 11(9)R =16(17)L 22(17)R =31(27)R 41(34)R 57(63)L =78(77)R 86(84)R 96(93)R 105(113)L 119(120)L =125(120)R
8: 2(4)L 7(4)R =12(11)R 18(22)L 37(41)L =42(41)R 59(57)R =89(86)R 94(96)L 104(105)L =118(119)L
9: =0(2)L =6(7)L =20(18)R =39(37)R =62(59)R =95(94)R =103(104)L
size is 84
in-order: [[[[[[12 [[16] 17]] 18 [[27] 32 [39]]] 42] 43 [[48] 49 [63]]] 68 [[71 [[76] 78]] 91 [94 [[105] 114 [116 [125]]]]]] 127 [130 [[[134] 135] 136]]]
level:
0: 127(127)X
1: 68(127)L 130(127)R
2: 43(68)L 91(68)R 136(130)R
3: 42(43)L 49(43)R 71(91)L 94(91)R 135(136)L
4: 18(42)L =48(49)L =63(49)R 78(71)R 114(94)R =134(135)L
5: 12(18)L 32(18)R =76(78)L =105(114)L 116(114)R
6: 17(12)R =27(32)L =39(32)R =125(116)R
7: =16(17)L
size is 27
Nodes: 27
Minimum depth: 1
Maximum depth: 7
