size is 6370
in-order: [[[[[[13 [30]] 43 [[[146] 179] 344]] 458 [641 [696]]] 774 [[[[860] 865] 899 [904]] 1067 [[[[[[1323 [1329]] 1422] 1486 [[[[[1542 [1604]] 1650 [1681]] 1719] 1838 [1983]] 1992]] 2042 [[2150 [2286]] 2343 [2402]]] 2460] 2564 [[2756 [2777]] 2831 [[[3068] 3252 [[[[[3332 [3338]] 3342 [[3370] 3372]] 3398 [[3448] 3457 [3586]]] 3624 [[3766] 3823]] 3987]] 4103 [4149 [[4261 [4397]] 4407 [4682]]]]]]]] 4706 [[[[[[[[4855] 4881] 4968] 5042 [5317 [5431 [[5435 [5516]] 5556 [5583]]]]] 5604 [[[[5670] 5770] 5866 [6011 [6033 [6050]]]] 6068]] 6121 [6169]] 6232 [[6357] 6433]] 6452 [[[[6510 [6604]] 6702 [[[6767] 6771] 6841 [[6882 [[7015 [[7042] 7054]] 7123]] 7217]]] 7240 [[7418] 7500]] 7542 [7715 [7745]]]]] 7784 [[[7888 [7981 [[7998] 8032]]] 8118] 8140 [[8352 [[8409 [8442]] 8458 [[[8638] 8641] 8678]]] 8705 [8801 [8822 [9065 [[9139 [9155 [9303 [9360 [9498 [[9560] 9578 [9672]]]]]]] 9674 [[9681] 9703 [9764 [9989]]]]]]]]]]
level:
0: 7784(7784)X
1: 4706(7784)L 8140(7784)R
2: 774(4706)L 6452(4706)R 8118(8140)L 8705(8140)R
3: 458(774)L 1067(774)R 6232(6452)L 7542(6452)R 7888(8118)L 8352(8705)L 8801(8705)R
4: 43(458)L 641(458)R 899(1067)L 2564(1067)R 6121(6232)L 6433(6232)R 7240(7542)L 7715(7542)R 7981(7888)R 8458(8352)R 8822(8801)R
5: 13(43)L 344(43)R =696(641)R 865(899)L =904(899)R 2460(2564)L 2831(2564)R 5604(6121)L =6169(6121)R =6357(6433)L 6702(7240)L 7500(7240)R =7745(7715)R 8032(7981)R 8409(8458)L 8678(8458)R 9065(8822)R
6: =30(13)R 179(344)L =860(865)L 2042(2460)L 2756(2831)L 4103(2831)R 5042(5604)L 6068(5604)R 6510(6702)L 6841(6702)R =7418(7500)L =7998(8032)L =8442(8409)R 8641(8678)L 9674(9065)R
7: =146(179)L 1486(2042)L 2343(2042)R =2777(2756)R 3252(4103)L 4149(4103)R 4968(5042)L 5317(5042)R 5866(6068)L =6604(6510)R 6771(6841)L 7217(6841)R =8638(8641)L 9139(9674)L 9703(9674)R
8: 1422(1486)L 1992(1486)R 2150(2343)L =2402(2343)R =3068(3252)L 3987(3252)R 4407(4149)R 4881(4968)L 5431(5317)R 5770(5866)L 6011(5866)R =6767(6771)L 6882(7217)L 9155(9139)R =9681(9703)L 9764(9703)R
9: 1323(1422)L 1838(1992)L =2286(2150)R 3624(3987)L 4261(4407)L =4682(4407)R =4855(4881)L 5556(5431)R =5670(5770)L 6033(6011)R 7123(6882)R 9303(9155)R =9989(9764)R
10: =1329(1323)R 1719(1838)L =1983(1838)R 3398(3624)L 3823(3624)R =4397(4261)R 5435(5556)L =5583(5556)R =6050(6033)R 7015(7123)L 9360(9303)R
11: 1650(1719)L 3342(3398)L 3457(3398)R =3766(3823)L =5516(5435)R 7054(7015)R 9498(9360)R
12: 1542(1650)L =1681(1650)R 3332(3342)L 3372(3342)R =3448(3457)L =3586(3457)R =7042(7054)L 9578(9498)R
13: =1604(1542)R =3338(3332)R =3370(3372)L =9560(9578)L =9672(9578)R
size is 132
Nodes: 132
Minimum depth: 2
Maximum depth: 13
