size is 6326
in-order: [[[[[[[[[[16 [150]] 188] 222] 259 [374 [[386] 413 [[529 [609]] 650 [686 [740]]]]]] 798] 838] 875 [[[962 [[976] 977]] 1006] 1174]] 1226 [[[[1372] 1381] 1383 [1603]] 1635]] 1678 [[[[1801] 1814 [1938]] 2113 [[[[2135] 2230] 2339 [2452 [2539]]] 2542 [[2731 [2881 [2956 [3005 [3196]]]]] 3220 [[[3241] 3242] 3269]]]] 3456 [3596 [[3681 [[3991 [[[[4050] 4110 [4165]] 4208] 4274]] 4425 [4754]]] 4768 [4862 [[4877] 4902 [4955]]]]]]] 4964 [[[[[5127 [[5168 [5383]] 5580]] 5589 [[5778] 5837 [5920]]] 5990 [[[[[6099] 6174] 6317 [6366]] 6390 [6511 [6677]]] 6752 [6945 [7044 [7125]]]]] 7356 [[[7519 [7526]] 7533 [[7549] 7739 [7763]]] 7769 [[8243] 8290 [[[8539] 8559] 8572]]]] 8637 [9023 [[[[9024] 9029 [9181]] 9253 [9390]] 9493 [9842 [9859]]]]]]
level:
0: 4964(4964)X
1: 1678(4964)L 8637(4964)R
2: 1226(1678)L 3456(1678)R 7356(8637)L 9023(8637)R
3: 875(1226)L 1635(1226)R 2113(3456)L 3596(3456)R 5990(7356)L 7769(7356)R 9493(9023)R
4: 838(875)L 1174(875)R 1383(1635)L 1814(2113)L 2542(2113)R 4768(3596)R 5589(5990)L 6752(5990)R 7533(7769)L 8290(7769)R 9253(9493)L 9842(9493)R
5: 798(838)L 1006(1174)L 1381(1383)L =1603(1383)R =1801(1814)L =1938(1814)R 2339(2542)L 3220(2542)R 3681(4768)L 4862(4768)R 5127(5589)L 5837(5589)R 6390(6752)L 6945(6752)R 7519(7533)L 7739(7533)R =8243(8290)L 8572(8290)R 9029(9253)L =9390(9253)R =9859(9842)R
6: 259(798)L 962(1006)L =1372(1381)L 2230(2339)L 2452(2339)R 2731(3220)L 3269(3220)R 4425(3681)R 4902(4862)R 5580(5127)R =5778(5837)L =5920(5837)R 6317(6390)L 6511(6390)R 7044(6945)R =7526(7519)R =7549(7739)L =7763(7739)R 8559(8572)L =9024(9029)L =9181(9029)R
7: 222(259)L 374(259)R 977(962)R =2135(2230)L =2539(2452)R 2881(2731)R 3242(3269)L 3991(4425)L =4754(4425)R =4877(4902)L =4955(4902)R 5168(5580)L 6174(6317)L =6366(6317)R =6677(6511)R =7125(7044)R =8539(8559)L
8: 188(222)L 413(374)R =976(977)L 2956(2881)R =3241(3242)L 4274(3991)R =5383(5168)R =6099(6174)L
9: 16(188)L =386(413)L 650(413)R 3005(2956)R 4208(4274)L
10: =150(16)R 529(650)L 686(650)R =3196(3005)R 4110(4208)L
11: =609(529)R =740(686)R =4050(4110)L =4165(4110)R
size is 107
Nodes: 107
Minimum depth: 2
Maximum depth: 11
