in-order: [[[[[0] 2] 5] 6 [[7] 11]] 12 [[[[[14] 15] 16 [[[[18 [19 [21]]] 22 [[[23] 24] 25 [[26] 28]]] 29 [30]] 31 [[32] 34 [38]]]] 39] 41 [[42] 43 [[[[[45] 47] 50 [[51 [[52 [53 [54]]] 55]] 56 [58 [60 [61]]]]] 63 [[[64 [67]] 68 [71 [72]]] 73 [75]]] 77 [[[[[[[78] 81] 85] 86 [[88] 89 [90 [92]]]] 93 [94 [[[96] 97 [[98 [102]] 103 [[[104] 105] 107 [108]]]] 109 [110 [112 [113 [114]]]]]]] 115 [[116 [118]] 119 [[120] 123]]] 124 [[127] 128]]]]]]
pre-order: [12 [6 [5 [2 [0]]] [11 [7]]] [41 [39 [16 [15 [14]] [31 [29 [22 [18 [19 [21]]] [25 [24 [23]] [28 [26]]]] [30]] [34 [32] [38]]]]] [43 [42] [77 [63 [50 [47 [45]] [56 [51 [55 [52 [53 [54]]]]] [58 [60 [61]]]]] [73 [68 [64 [67]] [71 [72]]] [75]]] [124 [115 [93 [86 [85 [81 [78]]] [89 [88] [90 [92]]]] [94 [109 [97 [96] [103 [98 [102]] [107 [105 [104]] [108]]]] [110 [112 [113 [114]]]]]]] [119 [116 [118]] [123 [120]]]] [128 [127]]]]]]]
post-order: [[[[[0] 2] 5] [[7] 11] 6] [[[[[14] 15] [[[[[[21] 19] 18] [[[23] 24] [[26] 28] 25] 22] [30] 29] [[32] [38] 34] 31] 16] 39] [[42] [[[[[45] 47] [[[[[[54] 53] 52] 55] 51] [[[61] 60] 58] 56] 50] [[[[67] 64] [[72] 71] 68] [75] 73] 63] [[[[[[[78] 81] 85] [[88] [[92] 90] 89] 86] [[[[96] [[[102] 98] [[[104] 105] [108] 107] 103] 97] [[[[114] 113] 112] 110] 109] 94] 93] [[[118] 116] [[120] 123] 119] 115] [[127] 128] 124] 77] 43] 41] 12]
level:
0: 12(12)X
1: 6(12)L 41(12)R
2: 5(6)L 11(6)R 39(41)L 43(41)R
3: 2(5)L =7(11)L 16(39)L =42(43)L 77(43)R
4: =0(2)L 15(16)L 31(16)R 63(77)L 124(77)R
5: =14(15)L 29(31)L 34(31)R 50(63)L 73(63)R 115(124)L 128(124)R
6: 22(29)L =30(29)R =32(34)L =38(34)R 47(50)L 56(50)R 68(73)L =75(73)R 93(115)L 119(115)R =127(128)L
7: 18(22)L 25(22)R =45(47)L 51(56)L 58(56)R 64(68)L 71(68)R 86(93)L 94(93)R 116(119)L 123(119)R
8: 19(18)R 24(25)L 28(25)R 55(51)R 60(58)R =67(64)R =72(71)R 85(86)L 89(86)R 109(94)R =118(116)R =120(123)L
9: =21(19)R =23(24)L =26(28)L 52(55)L =61(60)R 81(85)L =88(89)L 90(89)R 97(109)L 110(109)R
10: 53(52)R =78(81)L =92(90)R =96(97)L 103(97)R 112(110)R
11: =54(53)R 98(103)L 107(103)R 113(112)R
12: =102(98)R 105(107)L =108(107)R =114(113)R
13: =104(105)L
size is 83
Nodes: 83
Minimum depth: 2
Maximum depth: 13
